Archive member included because of file (symbol)

/opt/ARM/arm-linaro-eabi/lib/gcc/arm-none-eabi/4.6.2/thumb/cortex-m4/float-abi-hard/fpuv4-sp-d16/libgcc.a(_aeabi_uldivmod.o)
                              src/radar.o (__aeabi_uldivmod)
/opt/ARM/arm-linaro-eabi/lib/gcc/arm-none-eabi/4.6.2/thumb/cortex-m4/float-abi-hard/fpuv4-sp-d16/libgcc.a(bpabi.o)
                              /opt/ARM/arm-linaro-eabi/lib/gcc/arm-none-eabi/4.6.2/thumb/cortex-m4/float-abi-hard/fpuv4-sp-d16/libgcc.a(_aeabi_uldivmod.o) (__gnu_uldivmod_helper)
/opt/ARM/arm-linaro-eabi/lib/gcc/arm-none-eabi/4.6.2/thumb/cortex-m4/float-abi-hard/fpuv4-sp-d16/libgcc.a(_dvmd_tls.o)
                              /opt/ARM/arm-linaro-eabi/lib/gcc/arm-none-eabi/4.6.2/thumb/cortex-m4/float-abi-hard/fpuv4-sp-d16/libgcc.a(_aeabi_uldivmod.o) (__aeabi_ldiv0)
/opt/ARM/arm-linaro-eabi/lib/gcc/arm-none-eabi/4.6.2/thumb/cortex-m4/float-abi-hard/fpuv4-sp-d16/libgcc.a(_divdi3.o)
                              /opt/ARM/arm-linaro-eabi/lib/gcc/arm-none-eabi/4.6.2/thumb/cortex-m4/float-abi-hard/fpuv4-sp-d16/libgcc.a(bpabi.o) (__divdi3)
/opt/ARM/arm-linaro-eabi/lib/gcc/arm-none-eabi/4.6.2/thumb/cortex-m4/float-abi-hard/fpuv4-sp-d16/libgcc.a(_udivdi3.o)
                              /opt/ARM/arm-linaro-eabi/lib/gcc/arm-none-eabi/4.6.2/thumb/cortex-m4/float-abi-hard/fpuv4-sp-d16/libgcc.a(bpabi.o) (__udivdi3)
/opt/ARM/arm-linaro-eabi/arm-none-eabi/lib/thumb/cortex-m4/float-abi-hard/fpuv4-sp-d16/libg.a(lib_a-malloc.o)
                              src/main.o (malloc)
/opt/ARM/arm-linaro-eabi/arm-none-eabi/lib/thumb/cortex-m4/float-abi-hard/fpuv4-sp-d16/libg.a(lib_a-mallocr.o)
                              /opt/ARM/arm-linaro-eabi/arm-none-eabi/lib/thumb/cortex-m4/float-abi-hard/fpuv4-sp-d16/libg.a(lib_a-malloc.o) (_malloc_r)
/opt/ARM/arm-linaro-eabi/arm-none-eabi/lib/thumb/cortex-m4/float-abi-hard/fpuv4-sp-d16/libg.a(lib_a-memcpy.o)
                              src/uart.o (memcpy)
/opt/ARM/arm-linaro-eabi/arm-none-eabi/lib/thumb/cortex-m4/float-abi-hard/fpuv4-sp-d16/libg.a(lib_a-memset.o)
                              FreeRTOS/Source/tasks.o (memset)
/opt/ARM/arm-linaro-eabi/arm-none-eabi/lib/thumb/cortex-m4/float-abi-hard/fpuv4-sp-d16/libg.a(lib_a-sprintf.o)
                              src/main.o (sprintf)
/opt/ARM/arm-linaro-eabi/arm-none-eabi/lib/thumb/cortex-m4/float-abi-hard/fpuv4-sp-d16/libg.a(lib_a-strcat.o)
                              FreeRTOS/Source/tasks.o (strcat)
/opt/ARM/arm-linaro-eabi/arm-none-eabi/lib/thumb/cortex-m4/float-abi-hard/fpuv4-sp-d16/libg.a(lib_a-strcpy.o)
                              /opt/ARM/arm-linaro-eabi/arm-none-eabi/lib/thumb/cortex-m4/float-abi-hard/fpuv4-sp-d16/libg.a(lib_a-strcat.o) (strcpy)
/opt/ARM/arm-linaro-eabi/arm-none-eabi/lib/thumb/cortex-m4/float-abi-hard/fpuv4-sp-d16/libg.a(lib_a-strlen.o)
                              FreeRTOS/Source/tasks.o (strlen)
/opt/ARM/arm-linaro-eabi/arm-none-eabi/lib/thumb/cortex-m4/float-abi-hard/fpuv4-sp-d16/libg.a(lib_a-strncpy.o)
                              FreeRTOS/Source/tasks.o (strncpy)
/opt/ARM/arm-linaro-eabi/arm-none-eabi/lib/thumb/cortex-m4/float-abi-hard/fpuv4-sp-d16/libg.a(lib_a-svfprintf.o)
                              /opt/ARM/arm-linaro-eabi/arm-none-eabi/lib/thumb/cortex-m4/float-abi-hard/fpuv4-sp-d16/libg.a(lib_a-sprintf.o) (_svfprintf_r)
/opt/ARM/arm-linaro-eabi/arm-none-eabi/lib/thumb/cortex-m4/float-abi-hard/fpuv4-sp-d16/libg.a(lib_a-dtoa.o)
                              /opt/ARM/arm-linaro-eabi/arm-none-eabi/lib/thumb/cortex-m4/float-abi-hard/fpuv4-sp-d16/libg.a(lib_a-svfprintf.o) (_dtoa_r)
/opt/ARM/arm-linaro-eabi/arm-none-eabi/lib/thumb/cortex-m4/float-abi-hard/fpuv4-sp-d16/libg.a(lib_a-freer.o)
                              /opt/ARM/arm-linaro-eabi/arm-none-eabi/lib/thumb/cortex-m4/float-abi-hard/fpuv4-sp-d16/libg.a(lib_a-malloc.o) (_free_r)
/opt/ARM/arm-linaro-eabi/arm-none-eabi/lib/thumb/cortex-m4/float-abi-hard/fpuv4-sp-d16/libg.a(lib_a-impure.o)
                              /opt/ARM/arm-linaro-eabi/arm-none-eabi/lib/thumb/cortex-m4/float-abi-hard/fpuv4-sp-d16/libg.a(lib_a-malloc.o) (_impure_ptr)
/opt/ARM/arm-linaro-eabi/arm-none-eabi/lib/thumb/cortex-m4/float-abi-hard/fpuv4-sp-d16/libg.a(lib_a-locale.o)
                              /opt/ARM/arm-linaro-eabi/arm-none-eabi/lib/thumb/cortex-m4/float-abi-hard/fpuv4-sp-d16/libg.a(lib_a-svfprintf.o) (_localeconv_r)
/opt/ARM/arm-linaro-eabi/arm-none-eabi/lib/thumb/cortex-m4/float-abi-hard/fpuv4-sp-d16/libg.a(lib_a-memchr.o)
                              /opt/ARM/arm-linaro-eabi/arm-none-eabi/lib/thumb/cortex-m4/float-abi-hard/fpuv4-sp-d16/libg.a(lib_a-svfprintf.o) (memchr)
/opt/ARM/arm-linaro-eabi/arm-none-eabi/lib/thumb/cortex-m4/float-abi-hard/fpuv4-sp-d16/libg.a(lib_a-mprec.o)
                              /opt/ARM/arm-linaro-eabi/arm-none-eabi/lib/thumb/cortex-m4/float-abi-hard/fpuv4-sp-d16/libg.a(lib_a-dtoa.o) (_Balloc)
[...]
Memory Configuration

Name             Origin             Length             Attributes
FLASH            0x0000000008000000 0x0000000000100000 xr
RAM              0x0000000020000000 0x0000000000030000 xrw
MEMORY_B1        0x0000000060000000 0x0000000000000000 xr
*default*        0x0000000000000000 0xffffffffffffffff

Linker script and memory map

                0x0000000020020000                _estack = 0x20020000
                0x0000000000000000                _Min_Heap_Size = 0x0
                0x0000000000000400                _Min_Stack_Size = 0x400

.isr_vector     0x0000000008000000      0x188
                0x0000000008000000                . = ALIGN (0x8)
 *(.isr_vector)
 .isr_vector    0x0000000008000000      0x188 libraries/CMSIS/ST/STM32F4xx/Source/Templates/gcc_ride7/startup_stm32f4xx.o
                0x0000000008000000                g_pfnVectors
                0x0000000008000188                . = ALIGN (0x8)

.text           0x0000000008000188     0x8ab0
                0x0000000008000188                . = ALIGN (0x8)
 *(.text)
 .text          0x0000000008000188       0x2c /opt/ARM/arm-linaro-eabi/lib/gcc/arm-none-eabi/4.6.2/thumb/cortex-m4/float-abi-hard/fpuv4-sp-d16/libgcc.a(_aeabi_uldivmod.o)
                0x0000000008000188                __aeabi_uldivmod
 .text          0x00000000080001b4       0x58 /opt/ARM/arm-linaro-eabi/lib/gcc/arm-none-eabi/4.6.2/thumb/cortex-m4/float-abi-hard/fpuv4-sp-d16/libgcc.a(bpabi.o)
                0x00000000080001b4                __gnu_ldivmod_helper
                0x00000000080001e0                __gnu_uldivmod_helper
 .text          0x000000000800020c        0x4 /opt/ARM/arm-linaro-eabi/lib/gcc/arm-none-eabi/4.6.2/thumb/cortex-m4/float-abi-hard/fpuv4-sp-d16/libgcc.a(_dvmd_tls.o)
                0x000000000800020c                __aeabi_ldiv0
                0x000000000800020c                __aeabi_idiv0
 .text          0x0000000008000210      0x2b8 /opt/ARM/arm-linaro-eabi/lib/gcc/arm-none-eabi/4.6.2/thumb/cortex-m4/float-abi-hard/fpuv4-sp-d16/libgcc.a(_divdi3.o)
                0x0000000008000210                __divdi3
 .text          0x00000000080004c8      0x294 /opt/ARM/arm-linaro-eabi/lib/gcc/arm-none-eabi/4.6.2/thumb/cortex-m4/float-abi-hard/fpuv4-sp-d16/libgcc.a(_udivdi3.o)
                0x00000000080004c8                __udivdi3
 .text          0x000000000800075c       0x20 /opt/ARM/arm-linaro-eabi/arm-none-eabi/lib/thumb/cortex-m4/float-abi-hard/fpuv4-sp-d16/libg.a(lib_a-malloc.o)
                0x000000000800075c                malloc
                0x000000000800076c                free
 .text          0x000000000800077c      0x568 /opt/ARM/arm-linaro-eabi/arm-none-eabi/lib/thumb/cortex-m4/float-abi-hard/fpuv4-sp-d16/libg.a(lib_a-mallocr.o)
                0x000000000800077c                _malloc_r
 .text          0x0000000008000ce4       0x88 /opt/ARM/arm-linaro-eabi/arm-none-eabi/lib/thumb/cortex-m4/float-abi-hard/fpuv4-sp-d16/libg.a(lib_a-memcpy.o)
                0x0000000008000ce4                memcpy
 .text          0x0000000008000d6c       0x94 /opt/ARM/arm-linaro-eabi/arm-none-eabi/lib/thumb/cortex-m4/float-abi-hard/fpuv4-sp-d16/libg.a(lib_a-memset.o)
                0x0000000008000d6c                memset
 .text          0x0000000008000e00       0x94 /opt/ARM/arm-linaro-eabi/arm-none-eabi/lib/thumb/cortex-m4/float-abi-hard/fpuv4-sp-d16/libg.a(lib_a-sprintf.o)
                0x0000000008000e00                _sprintf_r
                0x0000000008000e44                sprintf
 .text          0x0000000008000e94       0x60 /opt/ARM/arm-linaro-eabi/arm-none-eabi/lib/thumb/cortex-m4/float-abi-hard/fpuv4-sp-d16/libg.a(lib_a-strlen.o)
                0x0000000008000e94                strlen
 .text          0x0000000008000ef4       0x70 /opt/ARM/arm-linaro-eabi/arm-none-eabi/lib/thumb/cortex-m4/float-abi-hard/fpuv4-sp-d16/libg.a(lib_a-strncpy.o)
                0x0000000008000ef4                strncpy
 *fill*         0x0000000008000f64        0x4 00
 .text          0x0000000008000f68     0x1240 /opt/ARM/arm-linaro-eabi/arm-none-eabi/lib/thumb/cortex-m4/float-abi-hard/fpuv4-sp-d16/libg.a(lib_a-svfprintf.o)
                0x0000000008000f68                _svfprintf_r
 .text          0x00000000080021a8     0x1160 /opt/ARM/arm-linaro-eabi/arm-none-eabi/lib/thumb/cortex-m4/float-abi-hard/fpuv4-sp-d16/libg.a(lib_a-dtoa.o)
                0x00000000080022c8                _dtoa_r
 .text          0x0000000008003308      0x220 /opt/ARM/arm-linaro-eabi/arm-none-eabi/lib/thumb/cortex-m4/float-abi-hard/fpuv4-sp-d16/libg.a(lib_a-freer.o)
                0x0000000008003308                _malloc_trim_r
                0x00000000080033a0                _free_r
 .text          0x0000000008003528       0x90 /opt/ARM/arm-linaro-eabi/arm-none-eabi/lib/thumb/cortex-m4/float-abi-hard/fpuv4-sp-d16/libg.a(lib_a-locale.o)
                0x0000000008003528                _setlocale_r
                0x000000000800356c                __locale_charset
                0x0000000008003578                __locale_mb_cur_max
                0x0000000008003584                __locale_msgcharset
                0x000000000800358c                __locale_cjk_lang
                0x0000000008003590                _localeconv_r
                0x0000000008003598                setlocale
                0x00000000080035b0                localeconv
 .text          0x00000000080035b8       0x7c /opt/ARM/arm-linaro-eabi/arm-none-eabi/lib/thumb/cortex-m4/float-abi-hard/fpuv4-sp-d16/libg.a(lib_a-memchr.o)
                0x00000000080035b8                memchr
 *fill*         0x0000000008003634        0x4 00
 .text          0x0000000008003638      0x8d8 /opt/ARM/arm-linaro-eabi/arm-none-eabi/lib/thumb/cortex-m4/float-abi-hard/fpuv4-sp-d16/libg.a(lib_a-mprec.o)
                0x0000000008003638                _Balloc
                0x0000000008003684                _Bfree
                0x0000000008003698                __multadd
                0x000000000800371c                __s2b
                0x00000000080037b8                __hi0bits
                0x00000000080037f4                __lo0bits
                0x0000000008003850                __i2b
                0x0000000008003864                __multiply
                0x0000000008003994                __pow5mult
                0x0000000008003a2c                __lshift
                0x0000000008003aec                __mcmp
                0x0000000008003b2c                __mdiff
                0x0000000008003c08                __ulp
                0x0000000008003c5c                __b2d
                0x0000000008003d04                __d2b
                0x0000000008003dc8                __ratio
                0x0000000008003e34                _mprec_log10
                0x0000000008003e74                __copybits
                0x0000000008003ebc                __any_on
 .text          0x0000000008003f10       0x70 /opt/ARM/arm-linaro-eabi/arm-none-eabi/lib/thumb/cortex-m4/float-abi-hard/fpuv4-sp-d16/libg.a(lib_a-s_fpclassify.o)
                0x0000000008003f10                __fpclassifyd
 .text          0x0000000008003f80      0x1dc /opt/ARM/arm-linaro-eabi/arm-none-eabi/lib/thumb/cortex-m4/float-abi-hard/fpuv4-sp-d16/libg.a(lib_a-strcmp.o)
                0x0000000008003f80                strcmp
 .text          0x000000000800415c      0x9ac /opt/ARM/arm-linaro-eabi/arm-none-eabi/lib/thumb/cortex-m4/float-abi-hard/fpuv4-sp-d16/libg.a(lib_a-svfiprintf.o)
                0x000000000800415c                __ssprint_r
                0x000000000800425c                _svfiprintf_r
 .text          0x0000000008004b08       0x60 /opt/ARM/arm-linaro-eabi/arm-none-eabi/lib/thumb/cortex-m4/float-abi-hard/fpuv4-sp-d16/libg.a(lib_a-callocr.o)
                0x0000000008004b08                _calloc_r
 .text          0x0000000008004b68       0xb0 /opt/ARM/arm-linaro-eabi/arm-none-eabi/lib/thumb/cortex-m4/float-abi-hard/fpuv4-sp-d16/libg.a(lib_a-memmove.o)
                0x0000000008004b68                memmove
 .text          0x0000000008004c18      0x3ec /opt/ARM/arm-linaro-eabi/arm-none-eabi/lib/thumb/cortex-m4/float-abi-hard/fpuv4-sp-d16/libg.a(lib_a-reallocr.o)
                0x0000000008004c18                _realloc_r
 .text          0x0000000008005004      0x370 /opt/ARM/arm-linaro-eabi/lib/gcc/arm-none-eabi/4.6.2/thumb/cortex-m4/float-abi-hard/fpuv4-sp-d16/libgcc.a(_arm_addsubdf3.o)
                0x0000000008005004                __aeabi_drsub
                0x000000000800500c                __aeabi_dsub
                0x000000000800500c                __subdf3
                0x0000000008005010                __adddf3
                0x0000000008005010                __aeabi_dadd
                0x0000000008005288                __aeabi_ui2d
                0x0000000008005288                __floatunsidf
                0x00000000080052a8                __floatsidf
                0x00000000080052a8                __aeabi_i2d
                0x00000000080052cc                __extendsfdf2
                0x00000000080052cc                __aeabi_f2d
                0x0000000008005308                __aeabi_ul2d
                0x0000000008005308                __floatundidf
                0x0000000008005318                __floatdidf
                0x0000000008005318                __aeabi_l2d
 .text          0x0000000008005374      0x424 /opt/ARM/arm-linaro-eabi/lib/gcc/arm-none-eabi/4.6.2/thumb/cortex-m4/float-abi-hard/fpuv4-sp-d16/libgcc.a(_arm_muldivdf3.o)
                0x0000000008005374                __aeabi_dmul
                0x0000000008005374                __muldf3
                0x00000000080055c8                __aeabi_ddiv
                0x00000000080055c8                __divdf3
 .text          0x0000000008005798      0x110 /opt/ARM/arm-linaro-eabi/lib/gcc/arm-none-eabi/4.6.2/thumb/cortex-m4/float-abi-hard/fpuv4-sp-d16/libgcc.a(_arm_cmpdf2.o)
                0x0000000008005798                __gtdf2
                0x0000000008005798                __gedf2
                0x00000000080057a0                __ltdf2
                0x00000000080057a0                __ledf2
                0x00000000080057a8                __cmpdf2
                0x00000000080057a8                __eqdf2
                0x00000000080057a8                __nedf2
                0x0000000008005824                __aeabi_cdrcmple
                0x0000000008005834                __aeabi_cdcmple
                0x0000000008005834                __aeabi_cdcmpeq
                0x0000000008005844                __aeabi_dcmpeq
                0x0000000008005858                __aeabi_dcmplt
                0x000000000800586c                __aeabi_dcmple
                0x0000000008005880                __aeabi_dcmpge
                0x0000000008005894                __aeabi_dcmpgt
 .text          0x00000000080058a8       0x50 /opt/ARM/arm-linaro-eabi/lib/gcc/arm-none-eabi/4.6.2/thumb/cortex-m4/float-abi-hard/fpuv4-sp-d16/libgcc.a(_arm_fixdfsi.o)
                0x00000000080058a8                __fixdfsi
                0x00000000080058a8                __aeabi_d2iz
 *(.text*)
 .text.getUsTime
                0x00000000080058f8       0x8c src/ustime.o
                0x00000000080058f8                getUsTime
 .text.delayUs  0x0000000008005984       0x5c src/ustime.o
                0x0000000008005984                delayUs
 .text.delayMs  0x00000000080059e0       0x20 src/ustime.o
                0x00000000080059e0                delayMs
 .text.initUsTimer
                0x0000000008005a00       0x70 src/ustime.o
                0x0000000008005a00                initUsTimer
 .text.rb_getc  0x0000000008005a70       0x70 src/uart.o
 .text.rb_putc  0x0000000008005ae0       0x6c src/uart.o
 .text.USART1_IRQHandler
                0x0000000008005b4c       0xe4 src/uart.o
                0x0000000008005b4c                USART1_IRQHandler
 .text.input_mode_temperatureRH
                0x0000000008005c30       0x2c src/temperatureAndRH.o
                0x0000000008005c30                input_mode_temperatureRH
 .text.output_mode_temperatureRH
                0x0000000008005c5c       0x2c src/temperatureAndRH.o
                0x0000000008005c5c                output_mode_temperatureRH
 .text.init_temperatureRH
                0x0000000008005c88       0xa0 src/temperatureAndRH.o
                0x0000000008005c88                init_temperatureRH
 .text.read_values_temperatureRH
                0x0000000008005d28      0x280 src/temperatureAndRH.o
                0x0000000008005d28                read_values_temperatureRH
 .text.SystemInit
                0x0000000008005fa8       0xb0 src/system_stm32f4xx.o
                0x0000000008005fa8                SystemInit
 .text.SetSysClock
                0x0000000008006058      0x188 src/system_stm32f4xx.o
 .text._sbrk_r  0x00000000080061e0       0x90 src/syscalls.o
                0x00000000080061e0                _sbrk_r
 .text.__malloc_lock
                0x0000000008006270       0x14 src/syscalls.o
                0x0000000008006270                __malloc_lock
 .text.__malloc_unlock
                0x0000000008006284       0x14 src/syscalls.o
                0x0000000008006284                __malloc_unlock
 .text.NMI_Handler
                0x0000000008006298        0xc src/stm32f4xx_it.o
                0x0000000008006298                NMI_Handler
 .text.HardFault_Handler
                0x00000000080062a4        0x8 src/stm32f4xx_it.o
                0x00000000080062a4                HardFault_Handler
 .text.MemManage_Handler
                0x00000000080062ac        0x8 src/stm32f4xx_it.o
                0x00000000080062ac                MemManage_Handler
 .text.BusFault_Handler
                0x00000000080062b4        0x8 src/stm32f4xx_it.o
                0x00000000080062b4                BusFault_Handler
 .text.UsageFault_Handler
                0x00000000080062bc        0x8 src/stm32f4xx_it.o
                0x00000000080062bc                UsageFault_Handler
 .text.DebugMon_Handler
                0x00000000080062c4        0xc src/stm32f4xx_it.o
                0x00000000080062c4                DebugMon_Handler
 .text.EXTI0_IRQHandler
                0x00000000080062d0       0x2c src/stm32f4xx_it.o
                0x00000000080062d0                EXTI0_IRQHandler
 .text.TIM2_IRQHandler
                0x00000000080062fc        0xc src/stm32f4xx_it.o
                0x00000000080062fc                TIM2_IRQHandler
 .text.initRadar
                0x0000000008006308       0xe8 src/radar.o
                0x0000000008006308                initRadar
 .text.trigger  0x00000000080063f0       0x4c src/radar.o
                0x00000000080063f0                trigger
 .text.getDistance
                0x000000000800643c       0x18 src/radar.o
                0x000000000800643c                getDistance
 .text.processEchoFromISR
                0x0000000008006454       0xe8 src/radar.o
                0x0000000008006454                processEchoFromISR
 .text.calculateSpeedSoundFactor
                0x000000000800653c       0xc0 src/radar.o
                0x000000000800653c                calculateSpeedSoundFactor
 .text.radar_task
                0x00000000080065fc       0x50 src/main.o
 .text.leds_task
                0x000000000800664c       0x60 src/main.o
 .text.temperatureRH_task
                0x00000000080066ac       0x84 src/main.o
 .text.main     0x0000000008006730      0x1a8 src/main.o
                0x0000000008006730                main
 .text.SYSCFG_EXTILineConfig
                0x00000000080068d8       0xb0 libraries/STM32F4xx_StdPeriph_Driver/src/stm32f4xx_syscfg.o
                0x00000000080068d8                SYSCFG_EXTILineConfig
 .text.RCC_GetClocksFreq
                0x0000000008006988      0x1cc libraries/STM32F4xx_StdPeriph_Driver/src/stm32f4xx_rcc.o
                0x0000000008006988                RCC_GetClocksFreq
 .text.RCC_AHB1PeriphClockCmd
                0x0000000008006b54       0x54 libraries/STM32F4xx_StdPeriph_Driver/src/stm32f4xx_rcc.o
                0x0000000008006b54                RCC_AHB1PeriphClockCmd
 .text.RCC_APB2PeriphClockCmd
                0x0000000008006ba8       0x54 libraries/STM32F4xx_StdPeriph_Driver/src/stm32f4xx_rcc.o
                0x0000000008006ba8                RCC_APB2PeriphClockCmd
 .text.GPIO_Init
                0x0000000008006bfc      0x144 libraries/STM32F4xx_StdPeriph_Driver/src/stm32f4xx_gpio.o
                0x0000000008006bfc                GPIO_Init
 .text.GPIO_ReadInputDataBit
                0x0000000008006d40       0x3c libraries/STM32F4xx_StdPeriph_Driver/src/stm32f4xx_gpio.o
                0x0000000008006d40                GPIO_ReadInputDataBit
 .text.GPIO_SetBits
                0x0000000008006d7c       0x1c libraries/STM32F4xx_StdPeriph_Driver/src/stm32f4xx_gpio.o
                0x0000000008006d7c                GPIO_SetBits
 .text.GPIO_ResetBits
                0x0000000008006d98       0x1c libraries/STM32F4xx_StdPeriph_Driver/src/stm32f4xx_gpio.o
                0x0000000008006d98                GPIO_ResetBits
 .text.EXTI_Init
                0x0000000008006db4      0x138 libraries/STM32F4xx_StdPeriph_Driver/src/stm32f4xx_exti.o
                0x0000000008006db4                EXTI_Init
 .text.EXTI_GenerateSWInterrupt
                0x0000000008006eec       0x2c libraries/STM32F4xx_StdPeriph_Driver/src/stm32f4xx_exti.o
                0x0000000008006eec                EXTI_GenerateSWInterrupt
 .text.EXTI_GetITStatus
                0x0000000008006f18       0x58 libraries/STM32F4xx_StdPeriph_Driver/src/stm32f4xx_exti.o
                0x0000000008006f18                EXTI_GetITStatus
 .text.EXTI_ClearITPendingBit
                0x0000000008006f70       0x20 libraries/STM32F4xx_StdPeriph_Driver/src/stm32f4xx_exti.o
                0x0000000008006f70                EXTI_ClearITPendingBit
 .text.NVIC_PriorityGroupConfig
                0x0000000008006f90       0x28 libraries/STM32F4xx_StdPeriph_Driver/src/misc.o
                0x0000000008006f90                NVIC_PriorityGroupConfig
 .text.NVIC_Init
                0x0000000008006fb8       0xe4 libraries/STM32F4xx_StdPeriph_Driver/src/misc.o
                0x0000000008006fb8                NVIC_Init
 .text.Reset_Handler
                0x000000000800709c       0x44 libraries/CMSIS/ST/STM32F4xx/Source/Templates/gcc_ride7/startup_stm32f4xx.o
                0x000000000800709c                Reset_Handler
 .text.Default_Handler
                0x00000000080070e0        0x2 libraries/CMSIS/ST/STM32F4xx/Source/Templates/gcc_ride7/startup_stm32f4xx.o
                0x00000000080070e0                RTC_Alarm_IRQHandler
                0x00000000080070e0                HASH_RNG_IRQHandler
                0x00000000080070e0                EXTI2_IRQHandler
                0x00000000080070e0                TIM8_CC_IRQHandler
                0x00000000080070e0                TIM1_CC_IRQHandler
                0x00000000080070e0                DMA2_Stream5_IRQHandler
                0x00000000080070e0                DMA1_Stream5_IRQHandler
                0x00000000080070e0                PVD_IRQHandler
                0x00000000080070e0                SDIO_IRQHandler
                0x00000000080070e0                TAMP_STAMP_IRQHandler
                0x00000000080070e0                CAN2_RX1_IRQHandler
                0x00000000080070e0                EXTI3_IRQHandler
                0x00000000080070e0                TIM8_TRG_COM_TIM14_IRQHandler
                0x00000000080070e0                TIM1_UP_TIM10_IRQHandler
                0x00000000080070e0                TIM8_UP_TIM13_IRQHandler
                0x00000000080070e0                I2C3_ER_IRQHandler
                0x00000000080070e0                I2C2_EV_IRQHandler
                0x00000000080070e0                DMA1_Stream2_IRQHandler
                0x00000000080070e0                CAN1_RX0_IRQHandler
                0x00000000080070e0                FPU_IRQHandler
                0x00000000080070e0                OTG_HS_WKUP_IRQHandler
                0x00000000080070e0                CAN2_SCE_IRQHandler
                0x00000000080070e0                DMA2_Stream2_IRQHandler
                0x00000000080070e0                SPI1_IRQHandler
                0x00000000080070e0                TIM6_DAC_IRQHandler
                0x00000000080070e0                TIM1_BRK_TIM9_IRQHandler
                0x00000000080070e0                DCMI_IRQHandler
                0x00000000080070e0                CAN2_RX0_IRQHandler
                0x00000000080070e0                DMA2_Stream3_IRQHandler
                0x00000000080070e0                USART6_IRQHandler
                0x00000000080070e0                USART3_IRQHandler
                0x00000000080070e0                CRYP_IRQHandler
                0x00000000080070e0                CAN1_RX1_IRQHandler
                0x00000000080070e0                UART5_IRQHandler
                0x00000000080070e0                DMA2_Stream0_IRQHandler
                0x00000000080070e0                TIM4_IRQHandler
                0x00000000080070e0                I2C1_EV_IRQHandler
                0x00000000080070e0                DMA1_Stream6_IRQHandler
                0x00000000080070e0                DMA1_Stream1_IRQHandler
                0x00000000080070e0                UART4_IRQHandler
                0x00000000080070e0                TIM3_IRQHandler
                0x00000000080070e0                RCC_IRQHandler
                0x00000000080070e0                TIM8_BRK_TIM12_IRQHandler
                0x00000000080070e0                Default_Handler
                0x00000000080070e0                EXTI15_10_IRQHandler
                0x00000000080070e0                ADC_IRQHandler
                0x00000000080070e0                DMA1_Stream7_IRQHandler
                0x00000000080070e0                TIM7_IRQHandler
                0x00000000080070e0                CAN2_TX_IRQHandler
                0x00000000080070e0                TIM5_IRQHandler
                0x00000000080070e0                DMA2_Stream7_IRQHandler
                0x00000000080070e0                I2C3_EV_IRQHandler
                0x00000000080070e0                EXTI9_5_IRQHandler
                0x00000000080070e0                RTC_WKUP_IRQHandler
                0x00000000080070e0                ETH_WKUP_IRQHandler
                0x00000000080070e0                SPI2_IRQHandler
                0x00000000080070e0                OTG_HS_EP1_IN_IRQHandler
                0x00000000080070e0                DMA1_Stream0_IRQHandler
                0x00000000080070e0                CAN1_TX_IRQHandler
                0x00000000080070e0                EXTI4_IRQHandler
                0x00000000080070e0                FSMC_IRQHandler
                0x00000000080070e0                ETH_IRQHandler
                0x00000000080070e0                OTG_HS_EP1_OUT_IRQHandler
                0x00000000080070e0                WWDG_IRQHandler
                0x00000000080070e0                OTG_FS_WKUP_IRQHandler
                0x00000000080070e0                TIM1_TRG_COM_TIM11_IRQHandler
                0x00000000080070e0                OTG_HS_IRQHandler
                0x00000000080070e0                EXTI1_IRQHandler
                0x00000000080070e0                USART2_IRQHandler
                0x00000000080070e0                I2C2_ER_IRQHandler
                0x00000000080070e0                DMA2_Stream1_IRQHandler
                0x00000000080070e0                CAN1_SCE_IRQHandler
                0x00000000080070e0                FLASH_IRQHandler
                0x00000000080070e0                DMA2_Stream4_IRQHandler
                0x00000000080070e0                OTG_FS_IRQHandler
                0x00000000080070e0                SPI3_IRQHandler
                0x00000000080070e0                DMA1_Stream4_IRQHandler
                0x00000000080070e0                I2C1_ER_IRQHandler
                0x00000000080070e0                DMA2_Stream6_IRQHandler
                0x00000000080070e0                DMA1_Stream3_IRQHandler
 *fill*         0x00000000080070e2        0x2 00
 .text.xTaskGenericCreate
                0x00000000080070e4      0x1ac FreeRTOS/Source/tasks.o
                0x00000000080070e4                xTaskGenericCreate
 .text.vTaskSuspend
                0x0000000008007290       0xc0 FreeRTOS/Source/tasks.o
                0x0000000008007290                vTaskSuspend
 .text.xTaskIsTaskSuspended
                0x0000000008007350       0x50 FreeRTOS/Source/tasks.o
                0x0000000008007350                xTaskIsTaskSuspended
 .text.vTaskResume
                0x00000000080073a0       0xac FreeRTOS/Source/tasks.o
                0x00000000080073a0                vTaskResume
 .text.vTaskStartScheduler
                0x000000000800744c       0x7c FreeRTOS/Source/tasks.o
                0x000000000800744c                vTaskStartScheduler
 .text.vTaskSuspendAll
                0x00000000080074c8       0x24 FreeRTOS/Source/tasks.o
                0x00000000080074c8                vTaskSuspendAll
 .text.xTaskResumeAll
                0x00000000080074ec      0x154 FreeRTOS/Source/tasks.o
                0x00000000080074ec                xTaskResumeAll
 .text.vTaskIncrementTick
                0x0000000008007640      0x1b8 FreeRTOS/Source/tasks.o
                0x0000000008007640                vTaskIncrementTick
 .text.vTaskSwitchContext
                0x00000000080077f8      0x110 FreeRTOS/Source/tasks.o
                0x00000000080077f8                vTaskSwitchContext
 .text.vTaskPlaceOnEventList
                0x0000000008007908       0x78 FreeRTOS/Source/tasks.o
                0x0000000008007908                vTaskPlaceOnEventList
 .text.xTaskRemoveFromEventList
                0x0000000008007980       0xc4 FreeRTOS/Source/tasks.o
                0x0000000008007980                xTaskRemoveFromEventList
 .text.vTaskSetTimeOutState
                0x0000000008007a44       0x30 FreeRTOS/Source/tasks.o
                0x0000000008007a44                vTaskSetTimeOutState
 .text.xTaskCheckForTimeOut
                0x0000000008007a74       0xa4 FreeRTOS/Source/tasks.o
                0x0000000008007a74                xTaskCheckForTimeOut
 .text.vTaskMissedYield
                0x0000000008007b18       0x18 FreeRTOS/Source/tasks.o
                0x0000000008007b18                vTaskMissedYield
 .text.prvIdleTask
                0x0000000008007b30       0x24 FreeRTOS/Source/tasks.o
 .text.prvInitialiseTCBVariables
                0x0000000008007b54       0x88 FreeRTOS/Source/tasks.o
 .text.prvInitialiseTaskLists
                0x0000000008007bdc       0xa4 FreeRTOS/Source/tasks.o
 .text.prvCheckTasksWaitingTermination
                0x0000000008007c80       0x98 FreeRTOS/Source/tasks.o
 .text.prvAddCurrentTaskToDelayedList
                0x0000000008007d18       0x8c FreeRTOS/Source/tasks.o
 .text.prvAllocateTCBAndStack
                0x0000000008007da4       0x74 FreeRTOS/Source/tasks.o
 .text.prvDeleteTCB
                0x0000000008007e18       0x20 FreeRTOS/Source/tasks.o
 .text.xTaskGetCurrentTaskHandle
                0x0000000008007e38       0x20 FreeRTOS/Source/tasks.o
                0x0000000008007e38                xTaskGetCurrentTaskHandle
 .text.vTaskPriorityInherit
                0x0000000008007e58       0xd8 FreeRTOS/Source/tasks.o
                0x0000000008007e58                vTaskPriorityInherit
 .text.vTaskPriorityDisinherit
                0x0000000008007f30       0x90 FreeRTOS/Source/tasks.o
                0x0000000008007f30                vTaskPriorityDisinherit
 .text.xQueueCreateMutex
                0x0000000008007fc0       0x98 FreeRTOS/Source/queue.o
                0x0000000008007fc0                xQueueCreateMutex
 .text.xQueueGenericSend
                0x0000000008008058      0x120 FreeRTOS/Source/queue.o
                0x0000000008008058                xQueueGenericSend
 .text.xQueueGenericSendFromISR
                0x0000000008008178       0x90 FreeRTOS/Source/queue.o
                0x0000000008008178                xQueueGenericSendFromISR
 .text.xQueueGenericReceive
                0x0000000008008208      0x188 FreeRTOS/Source/queue.o
                0x0000000008008208                xQueueGenericReceive
 .text.xQueueReceiveFromISR
                0x0000000008008390       0x94 FreeRTOS/Source/queue.o
                0x0000000008008390                xQueueReceiveFromISR
 .text.prvCopyDataToQueue
                0x0000000008008424       0xc8 FreeRTOS/Source/queue.o
 .text.prvCopyDataFromQueue
                0x00000000080084ec       0x50 FreeRTOS/Source/queue.o
 .text.prvUnlockQueue
                0x000000000800853c       0xa0 FreeRTOS/Source/queue.o
 .text.prvIsQueueEmpty
                0x00000000080085dc       0x2c FreeRTOS/Source/queue.o
 .text.prvIsQueueFull
                0x0000000008008608       0x30 FreeRTOS/Source/queue.o
 .text.pxPortInitialiseStack
                0x0000000008008638       0x68 FreeRTOS/Source/portable/GCC/ARM_CM4F/port.o
                0x0000000008008638                pxPortInitialiseStack
 .text.SVC_Handler
                0x00000000080086a0       0x20 FreeRTOS/Source/portable/GCC/ARM_CM4F/port.o
                0x00000000080086a0                SVC_Handler
 .text.vPortStartFirstTask
                0x00000000080086c0       0x14 FreeRTOS/Source/portable/GCC/ARM_CM4F/port.o
                0x00000000080086c0                vPortStartFirstTask
 .text.xPortStartScheduler
                0x00000000080086d4       0x54 FreeRTOS/Source/portable/GCC/ARM_CM4F/port.o
                0x00000000080086d4                xPortStartScheduler
 .text.vPortYieldFromISR
                0x0000000008008728       0x18 FreeRTOS/Source/portable/GCC/ARM_CM4F/port.o
                0x0000000008008728                vPortYieldFromISR
 .text.vPortEnterCritical
                0x0000000008008740       0x2c FreeRTOS/Source/portable/GCC/ARM_CM4F/port.o
                0x0000000008008740                vPortEnterCritical
 .text.vPortExitCritical
                0x000000000800876c       0x38 FreeRTOS/Source/portable/GCC/ARM_CM4F/port.o
                0x000000000800876c                vPortExitCritical
 .text.PendSV_Handler
                0x00000000080087a4       0x58 FreeRTOS/Source/portable/GCC/ARM_CM4F/port.o
                0x00000000080087a4                PendSV_Handler
 .text.SysTick_Handler
                0x00000000080087fc       0x38 FreeRTOS/Source/portable/GCC/ARM_CM4F/port.o
                0x00000000080087fc                SysTick_Handler
 .text.prvSetupTimerInterrupt
                0x0000000008008834       0x40 FreeRTOS/Source/portable/GCC/ARM_CM4F/port.o
 .text.vListInitialise
                0x0000000008008874       0x40 FreeRTOS/Source/list.o
                0x0000000008008874                vListInitialise
 .text.vListInitialiseItem
                0x00000000080088b4       0x1c FreeRTOS/Source/list.o
                0x00000000080088b4                vListInitialiseItem
 .text.vListInsertEnd
                0x00000000080088d0       0x50 FreeRTOS/Source/list.o
                0x00000000080088d0                vListInsertEnd
 .text.vListInsert
                0x0000000008008920       0x74 FreeRTOS/Source/list.o
                0x0000000008008920                vListInsert
 .text.vListRemove
                0x0000000008008994       0x54 FreeRTOS/Source/list.o
                0x0000000008008994                vListRemove
 *(.rodata)
 .rodata        0x00000000080089e8        0x8 src/main.o
 .rodata        0x00000000080089f0       0x74 FreeRTOS/Source/tasks.o
 .rodata        0x0000000008008a64       0x20 /opt/ARM/arm-linaro-eabi/arm-none-eabi/lib/thumb/cortex-m4/float-abi-hard/fpuv4-sp-d16/libg.a(lib_a-svfprintf.o)
 *fill*         0x0000000008008a84        0x4 00
 .rodata        0x0000000008008a88      0x128 /opt/ARM/arm-linaro-eabi/arm-none-eabi/lib/thumb/cortex-m4/float-abi-hard/fpuv4-sp-d16/libg.a(lib_a-mprec.o)
                0x0000000008008a98                __mprec_tens
                0x0000000008008b60                __mprec_tinytens
                0x0000000008008b88                __mprec_bigtens
 .rodata        0x0000000008008bb0       0x20 /opt/ARM/arm-linaro-eabi/arm-none-eabi/lib/thumb/cortex-m4/float-abi-hard/fpuv4-sp-d16/libg.a(lib_a-svfiprintf.o)
 *(.rodata*)
 .rodata.str1.4
                0x0000000008008bd0       0x42 /opt/ARM/arm-linaro-eabi/arm-none-eabi/lib/thumb/cortex-m4/float-abi-hard/fpuv4-sp-d16/libg.a(lib_a-svfprintf.o)
                                         0x44 (size before relaxing)
 *fill*         0x0000000008008c12        0x2 00
 .rodata.str1.4
                0x0000000008008c14       0x10 /opt/ARM/arm-linaro-eabi/arm-none-eabi/lib/thumb/cortex-m4/float-abi-hard/fpuv4-sp-d16/libg.a(lib_a-dtoa.o)
                                         0x14 (size before relaxing)
 .rodata.str1.4
                0x0000000008008c24        0x2 /opt/ARM/arm-linaro-eabi/arm-none-eabi/lib/thumb/cortex-m4/float-abi-hard/fpuv4-sp-d16/libg.a(lib_a-impure.o)
                                          0x4 (size before relaxing)
 *fill*         0x0000000008008c26        0x2 00
 .rodata.str1.4
                0x0000000008008c28        0xc /opt/ARM/arm-linaro-eabi/arm-none-eabi/lib/thumb/cortex-m4/float-abi-hard/fpuv4-sp-d16/libg.a(lib_a-locale.o)
                                         0x14 (size before relaxing)
 .rodata.str1.4
                0x0000000000000000       0x30 /opt/ARM/arm-linaro-eabi/arm-none-eabi/lib/thumb/cortex-m4/float-abi-hard/fpuv4-sp-d16/libg.a(lib_a-svfiprintf.o)
 *(.glue_7)
 .glue_7        0x0000000000000000        0x0 linker stubs
 *(.glue_7t)
 .glue_7t       0x0000000000000000        0x0 linker stubs
 *(.eh_frame)
 *(.init)
 *(.fini)
                0x0000000008008c38                . = ALIGN (0x8)
 *fill*         0x0000000008008c34        0x4 00
                0x0000000008008c38                _etext = .

.vfp11_veneer   0x0000000008008c38        0x0
 .vfp11_veneer  0x0000000000000000        0x0 linker stubs

.v4_bx          0x0000000008008c38        0x0
 .v4_bx         0x0000000000000000        0x0 linker stubs

.ARM.extab
 *(.ARM.extab* .gnu.linkonce.armextab.*)

.ARM            0x0000000008008c38        0x0
                0x0000000008008c38                __exidx_start = .
 *(.ARM.exidx*)
                0x0000000008008c38                __exidx_end = .

.preinit_array  0x0000000008008c38        0x0
                0x0000000008008c38                PROVIDE (__preinit_array_start, .)
 *(.preinit_array*)
                0x0000000008008c38                PROVIDE (__preinit_array_end, .)

.init_array     0x0000000008008c38        0x0
                0x0000000008008c38                PROVIDE (__init_array_start, .)
 *(SORT(.init_array.*))
 *(.init_array*)
                0x0000000008008c38                PROVIDE (__init_array_end, .)

.fini_array     0x0000000008008c38        0x0
                0x0000000008008c38                PROVIDE (__fini_array_start, .)
 *(.fini_array*)
 *(SORT(.fini_array.*))
                0x0000000008008c38                PROVIDE (__fini_array_end, .)
                0x0000000008008c38                _sidata = .

.data           0x0000000020000000      0x908 load address 0x0000000008008c38
                0x0000000020000000                . = ALIGN (0x8)
                0x0000000020000000                _sdata = .
 *(.data)
 .data          0x0000000020000000      0x410 /opt/ARM/arm-linaro-eabi/arm-none-eabi/lib/thumb/cortex-m4/float-abi-hard/fpuv4-sp-d16/libg.a(lib_a-mallocr.o)
                0x0000000020000000                __malloc_av_
                0x0000000020000408                __malloc_sbrk_base
                0x000000002000040c                __malloc_trim_threshold
 .data          0x0000000020000410      0x430 /opt/ARM/arm-linaro-eabi/arm-none-eabi/lib/thumb/cortex-m4/float-abi-hard/fpuv4-sp-d16/libg.a(lib_a-impure.o)
                0x0000000020000410                _impure_ptr
 .data          0x0000000020000840       0x7c /opt/ARM/arm-linaro-eabi/arm-none-eabi/lib/thumb/cortex-m4/float-abi-hard/fpuv4-sp-d16/libg.a(lib_a-locale.o)
                0x0000000020000860                __mb_cur_max
 *(.data*)
 .data.rx_buf   0x00000000200008bc       0x10 src/uart.o
 .data.tx_buf   0x00000000200008cc       0x10 src/uart.o
 .data.SystemCoreClock
                0x00000000200008dc        0x4 src/system_stm32f4xx.o
                0x00000000200008dc                SystemCoreClock
 .data.__malloc_margin
                0x00000000200008e0        0x4 src/syscalls.o
                0x00000000200008e0                __malloc_margin
 .data.distance
                0x00000000200008e4        0x4 src/radar.o
                0x00000000200008e4                distance
 .data.factorSoundSpeed
                0x00000000200008e8        0x8 src/radar.o
                0x00000000200008e8                factorSoundSpeed
 .data.APBAHBPrescTable
                0x00000000200008f0       0x10 libraries/STM32F4xx_StdPeriph_Driver/src/stm32f4xx_rcc.o
 .data.xNextTaskUnblockTime
                0x0000000020000900        0x4 FreeRTOS/Source/tasks.o
 .data.uxCriticalNesting
                0x0000000020000904        0x4 FreeRTOS/Source/portable/GCC/ARM_CM4F/port.o
                0x0000000020000908                . = ALIGN (0x8)
                0x0000000020000908                _edata = .
                0x0000000020000908                . = ALIGN (0x8)

.bss            0x0000000020000908      0x298 load address 0x0000000008009540
                0x0000000020000908                _sbss = .
                0x0000000020000908                __bss_start__ = _sbss
 *(.bss)
 .bss           0x0000000020000908       0x34 /opt/ARM/arm-linaro-eabi/arm-none-eabi/lib/thumb/cortex-m4/float-abi-hard/fpuv4-sp-d16/libg.a(lib_a-mallocr.o)
                0x0000000020000908                __malloc_top_pad
                0x000000002000090c                __malloc_current_mallinfo
                0x0000000020000934                __malloc_max_sbrked_mem
                0x0000000020000938                __malloc_max_total_mem
 *(.bss*)
 .bss.t0.4546   0x000000002000093c        0x2 src/ustime.o
 *fill*         0x000000002000093e        0x2 00
 .bss.tickcount.4547
                0x0000000020000940        0x8 src/ustime.o
 .bss.__compound_literal.0
                0x0000000020000948       0x80 src/uart.o
 .bss.__compound_literal.1
                0x00000000200009c8       0x80 src/uart.o
 .bss.uart_stats
                0x0000000020000a48        0xc src/uart.o
 *fill*         0x0000000020000a54        0x4 00
 .bss.t0        0x0000000020000a58        0x8 src/radar.o
                0x0000000020000a58                t0
 .bss.delta     0x0000000020000a60        0x8 src/radar.o
                0x0000000020000a60                delta
 .bss.xSemaphore
                0x0000000020000a68        0x4 src/radar.o
                0x0000000020000a68                xSemaphore
 .bss.xHigherPriorityTaskWoken.6629
                0x0000000020000a6c        0x4 src/radar.o
 .bss.pxCurrentTCB
                0x0000000020000a70        0x4 FreeRTOS/Source/tasks.o
                0x0000000020000a70                pxCurrentTCB
 .bss.pxReadyTasksLists
                0x0000000020000a74       0x64 FreeRTOS/Source/tasks.o
 .bss.xDelayedTaskList1
                0x0000000020000ad8       0x14 FreeRTOS/Source/tasks.o
 .bss.xDelayedTaskList2
                0x0000000020000aec       0x14 FreeRTOS/Source/tasks.o
 .bss.pxDelayedTaskList
                0x0000000020000b00        0x4 FreeRTOS/Source/tasks.o
 .bss.pxOverflowDelayedTaskList
                0x0000000020000b04        0x4 FreeRTOS/Source/tasks.o
 .bss.xPendingReadyList
                0x0000000020000b08       0x14 FreeRTOS/Source/tasks.o
 .bss.xTasksWaitingTermination
                0x0000000020000b1c       0x14 FreeRTOS/Source/tasks.o
 .bss.uxTasksDeleted
                0x0000000020000b30        0x4 FreeRTOS/Source/tasks.o
 .bss.xSuspendedTaskList
                0x0000000020000b34       0x14 FreeRTOS/Source/tasks.o
 .bss.xIdleTaskHandle
                0x0000000020000b48        0x4 FreeRTOS/Source/tasks.o
 .bss.uxCurrentNumberOfTasks
                0x0000000020000b4c        0x4 FreeRTOS/Source/tasks.o
 .bss.xTickCount
                0x0000000020000b50        0x4 FreeRTOS/Source/tasks.o
 .bss.uxTopUsedPriority
                0x0000000020000b54        0x4 FreeRTOS/Source/tasks.o
 .bss.uxTopReadyPriority
                0x0000000020000b58        0x4 FreeRTOS/Source/tasks.o
 .bss.xSchedulerRunning
                0x0000000020000b5c        0x4 FreeRTOS/Source/tasks.o
 .bss.uxSchedulerSuspended
                0x0000000020000b60        0x4 FreeRTOS/Source/tasks.o
 .bss.uxMissedTicks
                0x0000000020000b64        0x4 FreeRTOS/Source/tasks.o
 .bss.xMissedYield
                0x0000000020000b68        0x4 FreeRTOS/Source/tasks.o
 .bss.xNumOfOverflows
                0x0000000020000b6c        0x4 FreeRTOS/Source/tasks.o
 .bss.uxTaskNumber
                0x0000000020000b70        0x4 FreeRTOS/Source/tasks.o
 .bss.ulTaskSwitchedInTime
                0x0000000020000b74        0x4 FreeRTOS/Source/tasks.o
 *(COMMON)
 COMMON         0x0000000020000b78       0x10 src/temperatureAndRH.o
                0x0000000020000b78                GPIO_InitStructure_temperatureRH
                0x0000000020000b80                GPIO_Pin_temperatureRH
                0x0000000020000b84                GPIOx_temperatureRH
 COMMON         0x0000000020000b88        0x4 src/syscalls.o
                0x0000000020000b88                __brkval
 COMMON         0x0000000020000b8c       0x10 src/main.o
                0x0000000020000b8c                radarHandle
                0x0000000020000b90                GPIO_InitStructure
                0x0000000020000b98                ledsHandle
                0x0000000020000ba0                . = ALIGN (0x8)
 *fill*         0x0000000020000b9c        0x4 00
                0x0000000020000ba0                _ebss = .
                0x0000000020000ba0                __bss_end__ = _ebss

._user_heap_stack
                0x0000000020000ba0      0x400 load address 0x00000000080097d8
                0x0000000020000ba0                . = ALIGN (0x8)
                0x0000000020000ba0                PROVIDE (end, .)
                0x0000000020000ba0                PROVIDE (_end, .)
                0x0000000020000ba0                . = (. + _Min_Heap_Size)
                0x0000000020000fa0                . = (. + _Min_Stack_Size)
 *fill*         0x0000000020000ba0      0x400 00
                0x0000000020000fa0                . = ALIGN (0x8)

.memory_b1_text
 *(.mb1text)
 *(.mb1text*)
 *(.mb1rodata)
 *(.mb1rodata*)

/DISCARD/
 libc.a(*)
 libm.a(*)
 libgcc.a(*)

.ARM.attributes
                0x0000000000000000       0x37
 *(.ARM.attributes)
 .ARM.attributes
                0x0000000000000000       0x39 src/ustime.o
 .ARM.attributes
                0x0000000000000039       0x39 src/uart.o
 .ARM.attributes
                0x0000000000000072       0x39 src/temperatureAndRH.o
 .ARM.attributes
                0x00000000000000ab       0x39 src/system_stm32f4xx.o
 .ARM.attributes
                0x00000000000000e4       0x39 src/syscalls.o
 .ARM.attributes
                0x000000000000011d       0x39 src/stm32f4xx_it.o
 .ARM.attributes
                0x0000000000000156       0x39 src/radar.o
 .ARM.attributes
                0x000000000000018f       0x39 src/main.o
 .ARM.attributes
                0x00000000000001c8       0x39 libraries/STM32F4xx_StdPeriph_Driver/src/stm32f4xx_wwdg.o
 .ARM.attributes
                0x0000000000000201       0x39 libraries/STM32F4xx_StdPeriph_Driver/src/stm32f4xx_usart.o
 .ARM.attributes
                0x000000000000023a       0x39 libraries/STM32F4xx_StdPeriph_Driver/src/stm32f4xx_tim.o
 .ARM.attributes
                0x0000000000000273       0x39 libraries/STM32F4xx_StdPeriph_Driver/src/stm32f4xx_syscfg.o
 .ARM.attributes
                0x00000000000002ac       0x39 libraries/STM32F4xx_StdPeriph_Driver/src/stm32f4xx_spi.o
 .ARM.attributes
                0x00000000000002e5       0x39 libraries/STM32F4xx_StdPeriph_Driver/src/stm32f4xx_sdio.o
 .ARM.attributes
                0x000000000000031e       0x39 libraries/STM32F4xx_StdPeriph_Driver/src/stm32f4xx_rtc.o
 .ARM.attributes
                0x0000000000000357       0x39 libraries/STM32F4xx_StdPeriph_Driver/src/stm32f4xx_rng.o
 .ARM.attributes
                0x0000000000000390       0x39 libraries/STM32F4xx_StdPeriph_Driver/src/stm32f4xx_rcc.o
 .ARM.attributes
                0x00000000000003c9       0x39 libraries/STM32F4xx_StdPeriph_Driver/src/stm32f4xx_pwr.o
 .ARM.attributes
                0x0000000000000402       0x39 libraries/STM32F4xx_StdPeriph_Driver/src/stm32f4xx_iwdg.o
 .ARM.attributes
                0x000000000000043b       0x39 libraries/STM32F4xx_StdPeriph_Driver/src/stm32f4xx_i2c.o
 .ARM.attributes
                0x0000000000000474       0x39 libraries/STM32F4xx_StdPeriph_Driver/src/stm32f4xx_hash_sha1.o
 .ARM.attributes
                0x00000000000004ad       0x39 libraries/STM32F4xx_StdPeriph_Driver/src/stm32f4xx_hash_md5.o
 .ARM.attributes
                0x00000000000004e6       0x39 libraries/STM32F4xx_StdPeriph_Driver/src/stm32f4xx_hash.o
 .ARM.attributes
                0x000000000000051f       0x39 libraries/STM32F4xx_StdPeriph_Driver/src/stm32f4xx_gpio.o
 .ARM.attributes
                0x0000000000000558       0x39 libraries/STM32F4xx_StdPeriph_Driver/src/stm32f4xx_fsmc.o
 .ARM.attributes
                0x0000000000000591       0x39 libraries/STM32F4xx_StdPeriph_Driver/src/stm32f4xx_flash.o
 .ARM.attributes
                0x00000000000005ca       0x39 libraries/STM32F4xx_StdPeriph_Driver/src/stm32f4xx_exti.o
 .ARM.attributes
                0x0000000000000603       0x39 libraries/STM32F4xx_StdPeriph_Driver/src/stm32f4xx_dma.o
 .ARM.attributes
                0x000000000000063c       0x39 libraries/STM32F4xx_StdPeriph_Driver/src/stm32f4xx_dcmi.o
 .ARM.attributes
                0x0000000000000675       0x39 libraries/STM32F4xx_StdPeriph_Driver/src/stm32f4xx_dbgmcu.o
 .ARM.attributes
                0x00000000000006ae       0x39 libraries/STM32F4xx_StdPeriph_Driver/src/stm32f4xx_dac.o
 .ARM.attributes
                0x00000000000006e7       0x39 libraries/STM32F4xx_StdPeriph_Driver/src/stm32f4xx_cryp_tdes.o
 .ARM.attributes
                0x0000000000000720       0x39 libraries/STM32F4xx_StdPeriph_Driver/src/stm32f4xx_cryp_des.o
 .ARM.attributes
                0x0000000000000759       0x39 libraries/STM32F4xx_StdPeriph_Driver/src/stm32f4xx_cryp_aes.o
 .ARM.attributes
                0x0000000000000792       0x39 libraries/STM32F4xx_StdPeriph_Driver/src/stm32f4xx_cryp.o
 .ARM.attributes
                0x00000000000007cb       0x39 libraries/STM32F4xx_StdPeriph_Driver/src/stm32f4xx_crc.o
 .ARM.attributes
                0x0000000000000804       0x39 libraries/STM32F4xx_StdPeriph_Driver/src/stm32f4xx_can.o
 .ARM.attributes
                0x000000000000083d       0x39 libraries/STM32F4xx_StdPeriph_Driver/src/misc.o
 .ARM.attributes
                0x0000000000000876       0x39 libraries/STM32F4-Discovery/stm32f4_discovery.o
 .ARM.attributes
                0x00000000000008af       0x21 libraries/CMSIS/ST/STM32F4xx/Source/Templates/gcc_ride7/startup_stm32f4xx.o
 .ARM.attributes
                0x00000000000008d0       0x39 FreeRTOS/Source/timers.o
 .ARM.attributes
                0x0000000000000909       0x39 FreeRTOS/Source/tasks.o
 .ARM.attributes
                0x0000000000000942       0x39 FreeRTOS/Source/queue.o
 .ARM.attributes
                0x000000000000097b       0x39 FreeRTOS/Source/portable/GCC/ARM_CM4F/port.o
 .ARM.attributes
                0x00000000000009b4       0x39 FreeRTOS/Source/list.o
 .ARM.attributes
                0x00000000000009ed       0x39 FreeRTOS/Source/croutine.o
 .ARM.attributes
                0x0000000000000a26       0x29 /opt/ARM/arm-linaro-eabi/lib/gcc/arm-none-eabi/4.6.2/thumb/cortex-m4/float-abi-hard/fpuv4-sp-d16/libgcc.a(_aeabi_uldivmod.o)
 .ARM.attributes
                0x0000000000000a4f       0x39 /opt/ARM/arm-linaro-eabi/lib/gcc/arm-none-eabi/4.6.2/thumb/cortex-m4/float-abi-hard/fpuv4-sp-d16/libgcc.a(bpabi.o)
 .ARM.attributes
                0x0000000000000a88       0x29 /opt/ARM/arm-linaro-eabi/lib/gcc/arm-none-eabi/4.6.2/thumb/cortex-m4/float-abi-hard/fpuv4-sp-d16/libgcc.a(_dvmd_tls.o)
 .ARM.attributes
                0x0000000000000ab1       0x39 /opt/ARM/arm-linaro-eabi/lib/gcc/arm-none-eabi/4.6.2/thumb/cortex-m4/float-abi-hard/fpuv4-sp-d16/libgcc.a(_divdi3.o)
 .ARM.attributes
                0x0000000000000aea       0x39 /opt/ARM/arm-linaro-eabi/lib/gcc/arm-none-eabi/4.6.2/thumb/cortex-m4/float-abi-hard/fpuv4-sp-d16/libgcc.a(_udivdi3.o)
 .ARM.attributes
                0x0000000000000b23       0x39 /opt/ARM/arm-linaro-eabi/arm-none-eabi/lib/thumb/cortex-m4/float-abi-hard/fpuv4-sp-d16/libg.a(lib_a-malloc.o)
 .ARM.attributes
                0x0000000000000b5c       0x39 /opt/ARM/arm-linaro-eabi/arm-none-eabi/lib/thumb/cortex-m4/float-abi-hard/fpuv4-sp-d16/libg.a(lib_a-mallocr.o)
 .ARM.attributes
                0x0000000000000b95       0x39 /opt/ARM/arm-linaro-eabi/arm-none-eabi/lib/thumb/cortex-m4/float-abi-hard/fpuv4-sp-d16/libg.a(lib_a-memcpy.o)
 .ARM.attributes
                0x0000000000000bce       0x39 /opt/ARM/arm-linaro-eabi/arm-none-eabi/lib/thumb/cortex-m4/float-abi-hard/fpuv4-sp-d16/libg.a(lib_a-memset.o)
 .ARM.attributes
                0x0000000000000c07       0x39 /opt/ARM/arm-linaro-eabi/arm-none-eabi/lib/thumb/cortex-m4/float-abi-hard/fpuv4-sp-d16/libg.a(lib_a-sprintf.o)
 .ARM.attributes
                0x0000000000000c40       0x39 /opt/ARM/arm-linaro-eabi/arm-none-eabi/lib/thumb/cortex-m4/float-abi-hard/fpuv4-sp-d16/libg.a(lib_a-strcat.o)
 .ARM.attributes
                0x0000000000000c79       0x39 /opt/ARM/arm-linaro-eabi/arm-none-eabi/lib/thumb/cortex-m4/float-abi-hard/fpuv4-sp-d16/libg.a(lib_a-strcpy.o)
 .ARM.attributes
                0x0000000000000cb2       0x39 /opt/ARM/arm-linaro-eabi/arm-none-eabi/lib/thumb/cortex-m4/float-abi-hard/fpuv4-sp-d16/libg.a(lib_a-strlen.o)
 .ARM.attributes
                0x0000000000000ceb       0x39 /opt/ARM/arm-linaro-eabi/arm-none-eabi/lib/thumb/cortex-m4/float-abi-hard/fpuv4-sp-d16/libg.a(lib_a-strncpy.o)
 .ARM.attributes
                0x0000000000000d24       0x39 /opt/ARM/arm-linaro-eabi/arm-none-eabi/lib/thumb/cortex-m4/float-abi-hard/fpuv4-sp-d16/libg.a(lib_a-svfprintf.o)
 .ARM.attributes
                0x0000000000000d5d       0x39 /opt/ARM/arm-linaro-eabi/arm-none-eabi/lib/thumb/cortex-m4/float-abi-hard/fpuv4-sp-d16/libg.a(lib_a-dtoa.o)
 .ARM.attributes
                0x0000000000000d96       0x39 /opt/ARM/arm-linaro-eabi/arm-none-eabi/lib/thumb/cortex-m4/float-abi-hard/fpuv4-sp-d16/libg.a(lib_a-freer.o)
 .ARM.attributes
                0x0000000000000dcf       0x39 /opt/ARM/arm-linaro-eabi/arm-none-eabi/lib/thumb/cortex-m4/float-abi-hard/fpuv4-sp-d16/libg.a(lib_a-impure.o)
 .ARM.attributes
                0x0000000000000e08       0x39 /opt/ARM/arm-linaro-eabi/arm-none-eabi/lib/thumb/cortex-m4/float-abi-hard/fpuv4-sp-d16/libg.a(lib_a-locale.o)
 .ARM.attributes
                0x0000000000000e41       0x39 /opt/ARM/arm-linaro-eabi/arm-none-eabi/lib/thumb/cortex-m4/float-abi-hard/fpuv4-sp-d16/libg.a(lib_a-memchr.o)
 .ARM.attributes
                0x0000000000000e7a       0x39 /opt/ARM/arm-linaro-eabi/arm-none-eabi/lib/thumb/cortex-m4/float-abi-hard/fpuv4-sp-d16/libg.a(lib_a-mprec.o)
 .ARM.attributes
                0x0000000000000eb3       0x39 /opt/ARM/arm-linaro-eabi/arm-none-eabi/lib/thumb/cortex-m4/float-abi-hard/fpuv4-sp-d16/libg.a(lib_a-s_fpclassify.o)
 .ARM.attributes
                0x0000000000000eec       0x39 /opt/ARM/arm-linaro-eabi/arm-none-eabi/lib/thumb/cortex-m4/float-abi-hard/fpuv4-sp-d16/libg.a(lib_a-strcmp.o)
 .ARM.attributes
                0x0000000000000f25       0x39 /opt/ARM/arm-linaro-eabi/arm-none-eabi/lib/thumb/cortex-m4/float-abi-hard/fpuv4-sp-d16/libg.a(lib_a-svfiprintf.o)
 .ARM.attributes
                0x0000000000000f5e       0x39 /opt/ARM/arm-linaro-eabi/arm-none-eabi/lib/thumb/cortex-m4/float-abi-hard/fpuv4-sp-d16/libg.a(lib_a-callocr.o)
 .ARM.attributes
                0x0000000000000f97       0x39 /opt/ARM/arm-linaro-eabi/arm-none-eabi/lib/thumb/cortex-m4/float-abi-hard/fpuv4-sp-d16/libg.a(lib_a-memmove.o)
 .ARM.attributes
                0x0000000000000fd0       0x39 /opt/ARM/arm-linaro-eabi/arm-none-eabi/lib/thumb/cortex-m4/float-abi-hard/fpuv4-sp-d16/libg.a(lib_a-reallocr.o)
 .ARM.attributes
                0x0000000000001009       0x29 /opt/ARM/arm-linaro-eabi/lib/gcc/arm-none-eabi/4.6.2/thumb/cortex-m4/float-abi-hard/fpuv4-sp-d16/libgcc.a(_arm_addsubdf3.o)
 .ARM.attributes
                0x0000000000001032       0x29 /opt/ARM/arm-linaro-eabi/lib/gcc/arm-none-eabi/4.6.2/thumb/cortex-m4/float-abi-hard/fpuv4-sp-d16/libgcc.a(_arm_muldivdf3.o)
 .ARM.attributes
                0x000000000000105b       0x29 /opt/ARM/arm-linaro-eabi/lib/gcc/arm-none-eabi/4.6.2/thumb/cortex-m4/float-abi-hard/fpuv4-sp-d16/libgcc.a(_arm_cmpdf2.o)
 .ARM.attributes
                0x0000000000001084       0x29 /opt/ARM/arm-linaro-eabi/lib/gcc/arm-none-eabi/4.6.2/thumb/cortex-m4/float-abi-hard/fpuv4-sp-d16/libgcc.a(_arm_fixdfsi.o)
LOAD /opt/ARM/arm-linaro-eabi/lib/gcc/arm-none-eabi/4.6.2/thumb/cortex-m4/float-abi-hard/fpuv4-sp-d16/libgcc.a
LOAD /opt/ARM/arm-linaro-eabi/arm-none-eabi/lib/thumb/cortex-m4/float-abi-hard/fpuv4-sp-d16/libc.a
LOAD /opt/ARM/arm-linaro-eabi/arm-none-eabi/lib/thumb/cortex-m4/float-abi-hard/fpuv4-sp-d16/libg.a
LOAD /opt/ARM/arm-linaro-eabi/arm-none-eabi/lib/thumb/cortex-m4/float-abi-hard/fpuv4-sp-d16/libm.a
LOAD src/ustime.o
LOAD src/uart.o
LOAD src/temperatureAndRH.o
LOAD src/system_stm32f4xx.o
LOAD src/syscalls.o
LOAD src/stm32f4xx_it.o
LOAD src/radar.o
LOAD src/main.o
LOAD libraries/STM32F4xx_StdPeriph_Driver/src/stm32f4xx_wwdg.o
LOAD libraries/STM32F4xx_StdPeriph_Driver/src/stm32f4xx_usart.o
LOAD libraries/STM32F4xx_StdPeriph_Driver/src/stm32f4xx_tim.o
LOAD libraries/STM32F4xx_StdPeriph_Driver/src/stm32f4xx_syscfg.o
LOAD libraries/STM32F4xx_StdPeriph_Driver/src/stm32f4xx_spi.o
LOAD libraries/STM32F4xx_StdPeriph_Driver/src/stm32f4xx_sdio.o
LOAD libraries/STM32F4xx_StdPeriph_Driver/src/stm32f4xx_rtc.o
LOAD libraries/STM32F4xx_StdPeriph_Driver/src/stm32f4xx_rng.o
LOAD libraries/STM32F4xx_StdPeriph_Driver/src/stm32f4xx_rcc.o
LOAD libraries/STM32F4xx_StdPeriph_Driver/src/stm32f4xx_pwr.o
LOAD libraries/STM32F4xx_StdPeriph_Driver/src/stm32f4xx_iwdg.o
LOAD libraries/STM32F4xx_StdPeriph_Driver/src/stm32f4xx_i2c.o
LOAD libraries/STM32F4xx_StdPeriph_Driver/src/stm32f4xx_hash_sha1.o
LOAD libraries/STM32F4xx_StdPeriph_Driver/src/stm32f4xx_hash_md5.o
LOAD libraries/STM32F4xx_StdPeriph_Driver/src/stm32f4xx_hash.o
LOAD libraries/STM32F4xx_StdPeriph_Driver/src/stm32f4xx_gpio.o
LOAD libraries/STM32F4xx_StdPeriph_Driver/src/stm32f4xx_fsmc.o
LOAD libraries/STM32F4xx_StdPeriph_Driver/src/stm32f4xx_flash.o
LOAD libraries/STM32F4xx_StdPeriph_Driver/src/stm32f4xx_exti.o
LOAD libraries/STM32F4xx_StdPeriph_Driver/src/stm32f4xx_dma.o
LOAD libraries/STM32F4xx_StdPeriph_Driver/src/stm32f4xx_dcmi.o
LOAD libraries/STM32F4xx_StdPeriph_Driver/src/stm32f4xx_dbgmcu.o
LOAD libraries/STM32F4xx_StdPeriph_Driver/src/stm32f4xx_dac.o
LOAD libraries/STM32F4xx_StdPeriph_Driver/src/stm32f4xx_cryp_tdes.o
LOAD libraries/STM32F4xx_StdPeriph_Driver/src/stm32f4xx_cryp_des.o
LOAD libraries/STM32F4xx_StdPeriph_Driver/src/stm32f4xx_cryp_aes.o
LOAD libraries/STM32F4xx_StdPeriph_Driver/src/stm32f4xx_cryp.o
LOAD libraries/STM32F4xx_StdPeriph_Driver/src/stm32f4xx_crc.o
LOAD libraries/STM32F4xx_StdPeriph_Driver/src/stm32f4xx_can.o
LOAD libraries/STM32F4xx_StdPeriph_Driver/src/misc.o
LOAD libraries/STM32F4-Discovery/stm32f4_discovery.o
LOAD libraries/CMSIS/ST/STM32F4xx/Source/Templates/gcc_ride7/startup_stm32f4xx.o
LOAD FreeRTOS/Source/timers.o
LOAD FreeRTOS/Source/tasks.o
LOAD FreeRTOS/Source/queue.o
LOAD FreeRTOS/Source/portable/GCC/ARM_CM4F/port.o
LOAD FreeRTOS/Source/list.o
LOAD FreeRTOS/Source/croutine.o
START GROUP
LOAD /opt/ARM/arm-linaro-eabi/lib/gcc/arm-none-eabi/4.6.2/thumb/cortex-m4/float-abi-hard/fpuv4-sp-d16/libgcc.a
LOAD /opt/ARM/arm-linaro-eabi/arm-none-eabi/lib/thumb/cortex-m4/float-abi-hard/fpuv4-sp-d16/libg.a
LOAD /opt/ARM/arm-linaro-eabi/arm-none-eabi/lib/thumb/cortex-m4/float-abi-hard/fpuv4-sp-d16/libc.a
END GROUP
OUTPUT(luba3 elf32-littlearm)

.debug_info     0x0000000000000000    0x219ae
 .debug_info    0x0000000000000000      0x6e0 src/ustime.o
 .debug_info    0x00000000000006e0     0x13f7 src/uart.o
 .debug_info    0x0000000000001ad7      0x486 src/temperatureAndRH.o
 .debug_info    0x0000000000001f5d      0x625 src/system_stm32f4xx.o
 .debug_info    0x0000000000002582      0xe9e src/syscalls.o
 .debug_info    0x0000000000003420      0x23f src/stm32f4xx_it.o
 .debug_info    0x000000000000365f      0x867 src/radar.o
 .debug_info    0x0000000000003ec6      0x472 src/main.o
 .debug_info    0x0000000000004338      0x25e libraries/STM32F4xx_StdPeriph_Driver/src/stm32f4xx_wwdg.o
 .debug_info    0x0000000000004596      0xa57 libraries/STM32F4xx_StdPeriph_Driver/src/stm32f4xx_usart.o
 .debug_info    0x0000000000004fed     0x1e30 libraries/STM32F4xx_StdPeriph_Driver/src/stm32f4xx_tim.o
 .debug_info    0x0000000000006e1d      0x282 libraries/STM32F4xx_StdPeriph_Driver/src/stm32f4xx_syscfg.o
 .debug_info    0x000000000000709f      0xbd4 libraries/STM32F4xx_StdPeriph_Driver/src/stm32f4xx_spi.o
 .debug_info    0x0000000000007c73      0x8ac libraries/STM32F4xx_StdPeriph_Driver/src/stm32f4xx_sdio.o
 .debug_info    0x000000000000851f     0x122b libraries/STM32F4xx_StdPeriph_Driver/src/stm32f4xx_rtc.o
 .debug_info    0x000000000000974a      0x299 libraries/STM32F4xx_StdPeriph_Driver/src/stm32f4xx_rng.o
 .debug_info    0x00000000000099e3      0xd2c libraries/STM32F4xx_StdPeriph_Driver/src/stm32f4xx_rcc.o
 .debug_info    0x000000000000a70f      0x546 libraries/STM32F4xx_StdPeriph_Driver/src/stm32f4xx_pwr.o
 .debug_info    0x000000000000ac55      0x213 libraries/STM32F4xx_StdPeriph_Driver/src/stm32f4xx_iwdg.o
 .debug_info    0x000000000000ae68      0xb99 libraries/STM32F4xx_StdPeriph_Driver/src/stm32f4xx_i2c.o
 .debug_info    0x000000000000ba01      0x552 libraries/STM32F4xx_StdPeriph_Driver/src/stm32f4xx_hash_sha1.o
 .debug_info    0x000000000000bf53      0x4f1 libraries/STM32F4xx_StdPeriph_Driver/src/stm32f4xx_hash_md5.o
 .debug_info    0x000000000000c444      0x58e libraries/STM32F4xx_StdPeriph_Driver/src/stm32f4xx_hash.o
 .debug_info    0x000000000000c9d2      0x641 libraries/STM32F4xx_StdPeriph_Driver/src/stm32f4xx_gpio.o
 .debug_info    0x000000000000d013      0x9ad libraries/STM32F4xx_StdPeriph_Driver/src/stm32f4xx_fsmc.o
 .debug_info    0x000000000000d9c0      0x77c libraries/STM32F4xx_StdPeriph_Driver/src/stm32f4xx_flash.o
 .debug_info    0x000000000000e13c      0x37a libraries/STM32F4xx_StdPeriph_Driver/src/stm32f4xx_exti.o
 .debug_info    0x000000000000e4b6      0x7ab libraries/STM32F4xx_StdPeriph_Driver/src/stm32f4xx_dma.o
 .debug_info    0x000000000000ec61      0x5a5 libraries/STM32F4xx_StdPeriph_Driver/src/stm32f4xx_dcmi.o
 .debug_info    0x000000000000f206      0x1f7 libraries/STM32F4xx_StdPeriph_Driver/src/stm32f4xx_dbgmcu.o
 .debug_info    0x000000000000f3fd      0x68b libraries/STM32F4xx_StdPeriph_Driver/src/stm32f4xx_dac.o
 .debug_info    0x000000000000fa88      0x6e7 libraries/STM32F4xx_StdPeriph_Driver/src/stm32f4xx_cryp_tdes.o
 .debug_info    0x000000000001016f      0x568 libraries/STM32F4xx_StdPeriph_Driver/src/stm32f4xx_cryp_des.o
 .debug_info    0x00000000000106d7     0x116c libraries/STM32F4xx_StdPeriph_Driver/src/stm32f4xx_cryp_aes.o
 .debug_info    0x0000000000011843      0x7a6 libraries/STM32F4xx_StdPeriph_Driver/src/stm32f4xx_cryp.o
 .debug_info    0x0000000000011fe9      0x213 libraries/STM32F4xx_StdPeriph_Driver/src/stm32f4xx_crc.o
 .debug_info    0x00000000000121fc      0xc6a libraries/STM32F4xx_StdPeriph_Driver/src/stm32f4xx_can.o
 .debug_info    0x0000000000012e66      0x59c libraries/STM32F4xx_StdPeriph_Driver/src/misc.o
 .debug_info    0x0000000000013402      0x941 libraries/STM32F4-Discovery/stm32f4_discovery.o
 .debug_info    0x0000000000013d43       0x9c FreeRTOS/Source/timers.o
 .debug_info    0x0000000000013ddf     0x11ed FreeRTOS/Source/tasks.o
 .debug_info    0x0000000000014fcc      0x793 FreeRTOS/Source/queue.o
 .debug_info    0x000000000001575f      0x24d FreeRTOS/Source/portable/GCC/ARM_CM4F/port.o
 .debug_info    0x00000000000159ac      0x2de FreeRTOS/Source/list.o
 .debug_info    0x0000000000015c8a      0x4ff FreeRTOS/Source/croutine.o
 .debug_info    0x0000000000016189       0xf5 /opt/ARM/arm-linaro-eabi/lib/gcc/arm-none-eabi/4.6.2/thumb/cortex-m4/float-abi-hard/fpuv4-sp-d16/libgcc.a(_aeabi_uldivmod.o)
 .debug_info    0x000000000001627e       0xf0 /opt/ARM/arm-linaro-eabi/lib/gcc/arm-none-eabi/4.6.2/thumb/cortex-m4/float-abi-hard/fpuv4-sp-d16/libgcc.a(bpabi.o)
 .debug_info    0x000000000001636e       0xfb /opt/ARM/arm-linaro-eabi/lib/gcc/arm-none-eabi/4.6.2/thumb/cortex-m4/float-abi-hard/fpuv4-sp-d16/libgcc.a(_dvmd_tls.o)
 .debug_info    0x0000000000016469      0x67d /opt/ARM/arm-linaro-eabi/lib/gcc/arm-none-eabi/4.6.2/thumb/cortex-m4/float-abi-hard/fpuv4-sp-d16/libgcc.a(_divdi3.o)
 .debug_info    0x0000000000016ae6      0x640 /opt/ARM/arm-linaro-eabi/lib/gcc/arm-none-eabi/4.6.2/thumb/cortex-m4/float-abi-hard/fpuv4-sp-d16/libgcc.a(_udivdi3.o)
 .debug_info    0x0000000000017126      0x9a5 /opt/ARM/arm-linaro-eabi/arm-none-eabi/lib/thumb/cortex-m4/float-abi-hard/fpuv4-sp-d16/libg.a(lib_a-malloc.o)
 .debug_info    0x0000000000017acb      0xd6b /opt/ARM/arm-linaro-eabi/arm-none-eabi/lib/thumb/cortex-m4/float-abi-hard/fpuv4-sp-d16/libg.a(lib_a-mallocr.o)
 .debug_info    0x0000000000018836      0x130 /opt/ARM/arm-linaro-eabi/arm-none-eabi/lib/thumb/cortex-m4/float-abi-hard/fpuv4-sp-d16/libg.a(lib_a-memcpy.o)
 .debug_info    0x0000000000018966      0x116 /opt/ARM/arm-linaro-eabi/arm-none-eabi/lib/thumb/cortex-m4/float-abi-hard/fpuv4-sp-d16/libg.a(lib_a-memset.o)
 .debug_info    0x0000000000018a7c      0xa62 /opt/ARM/arm-linaro-eabi/arm-none-eabi/lib/thumb/cortex-m4/float-abi-hard/fpuv4-sp-d16/libg.a(lib_a-sprintf.o)
 .debug_info    0x00000000000194de       0xea /opt/ARM/arm-linaro-eabi/arm-none-eabi/lib/thumb/cortex-m4/float-abi-hard/fpuv4-sp-d16/libg.a(lib_a-strcat.o)
 .debug_info    0x00000000000195c8       0xb9 /opt/ARM/arm-linaro-eabi/arm-none-eabi/lib/thumb/cortex-m4/float-abi-hard/fpuv4-sp-d16/libg.a(lib_a-strcpy.o)
 .debug_info    0x0000000000019681       0xb1 /opt/ARM/arm-linaro-eabi/arm-none-eabi/lib/thumb/cortex-m4/float-abi-hard/fpuv4-sp-d16/libg.a(lib_a-strlen.o)
 .debug_info    0x0000000000019732      0x125 /opt/ARM/arm-linaro-eabi/arm-none-eabi/lib/thumb/cortex-m4/float-abi-hard/fpuv4-sp-d16/libg.a(lib_a-strncpy.o)
 .debug_info    0x0000000000019857     0x1011 /opt/ARM/arm-linaro-eabi/arm-none-eabi/lib/thumb/cortex-m4/float-abi-hard/fpuv4-sp-d16/libg.a(lib_a-svfprintf.o)
 .debug_info    0x000000000001a868      0xdcf /opt/ARM/arm-linaro-eabi/arm-none-eabi/lib/thumb/cortex-m4/float-abi-hard/fpuv4-sp-d16/libg.a(lib_a-dtoa.o)
 .debug_info    0x000000000001b637      0xc40 /opt/ARM/arm-linaro-eabi/arm-none-eabi/lib/thumb/cortex-m4/float-abi-hard/fpuv4-sp-d16/libg.a(lib_a-freer.o)
 .debug_info    0x000000000001c277      0x966 /opt/ARM/arm-linaro-eabi/arm-none-eabi/lib/thumb/cortex-m4/float-abi-hard/fpuv4-sp-d16/libg.a(lib_a-impure.o)
 .debug_info    0x000000000001cbdd      0xc97 /opt/ARM/arm-linaro-eabi/arm-none-eabi/lib/thumb/cortex-m4/float-abi-hard/fpuv4-sp-d16/libg.a(lib_a-locale.o)
 .debug_info    0x000000000001d874      0x122 /opt/ARM/arm-linaro-eabi/arm-none-eabi/lib/thumb/cortex-m4/float-abi-hard/fpuv4-sp-d16/libg.a(lib_a-memchr.o)
 .debug_info    0x000000000001d996     0x14ef /opt/ARM/arm-linaro-eabi/arm-none-eabi/lib/thumb/cortex-m4/float-abi-hard/fpuv4-sp-d16/libg.a(lib_a-mprec.o)
 .debug_info    0x000000000001ee85      0x143 /opt/ARM/arm-linaro-eabi/arm-none-eabi/lib/thumb/cortex-m4/float-abi-hard/fpuv4-sp-d16/libg.a(lib_a-s_fpclassify.o)
 .debug_info    0x000000000001efc8       0xe7 /opt/ARM/arm-linaro-eabi/arm-none-eabi/lib/thumb/cortex-m4/float-abi-hard/fpuv4-sp-d16/libg.a(lib_a-strcmp.o)
 .debug_info    0x000000000001f0af      0xd97 /opt/ARM/arm-linaro-eabi/arm-none-eabi/lib/thumb/cortex-m4/float-abi-hard/fpuv4-sp-d16/libg.a(lib_a-svfiprintf.o)
 .debug_info    0x000000000001fe46      0xa4e /opt/ARM/arm-linaro-eabi/arm-none-eabi/lib/thumb/cortex-m4/float-abi-hard/fpuv4-sp-d16/libg.a(lib_a-callocr.o)
 .debug_info    0x0000000000020894      0x12e /opt/ARM/arm-linaro-eabi/arm-none-eabi/lib/thumb/cortex-m4/float-abi-hard/fpuv4-sp-d16/libg.a(lib_a-memmove.o)
 .debug_info    0x00000000000209c2      0xc04 /opt/ARM/arm-linaro-eabi/arm-none-eabi/lib/thumb/cortex-m4/float-abi-hard/fpuv4-sp-d16/libg.a(lib_a-reallocr.o)
 .debug_info    0x00000000000215c6       0xfa /opt/ARM/arm-linaro-eabi/lib/gcc/arm-none-eabi/4.6.2/thumb/cortex-m4/float-abi-hard/fpuv4-sp-d16/libgcc.a(_arm_addsubdf3.o)
 .debug_info    0x00000000000216c0       0xfa /opt/ARM/arm-linaro-eabi/lib/gcc/arm-none-eabi/4.6.2/thumb/cortex-m4/float-abi-hard/fpuv4-sp-d16/libgcc.a(_arm_muldivdf3.o)
 .debug_info    0x00000000000217ba       0xfa /opt/ARM/arm-linaro-eabi/lib/gcc/arm-none-eabi/4.6.2/thumb/cortex-m4/float-abi-hard/fpuv4-sp-d16/libgcc.a(_arm_cmpdf2.o)
 .debug_info    0x00000000000218b4       0xfa /opt/ARM/arm-linaro-eabi/lib/gcc/arm-none-eabi/4.6.2/thumb/cortex-m4/float-abi-hard/fpuv4-sp-d16/libgcc.a(_arm_fixdfsi.o)

.debug_abbrev   0x0000000000000000     0x61e5
 .debug_abbrev  0x0000000000000000      0x165 src/ustime.o
 .debug_abbrev  0x0000000000000165      0x24b src/uart.o
 .debug_abbrev  0x00000000000003b0      0x19c src/temperatureAndRH.o
 .debug_abbrev  0x000000000000054c      0x144 src/system_stm32f4xx.o
 .debug_abbrev  0x0000000000000690      0x227 src/syscalls.o
 .debug_abbrev  0x00000000000008b7       0xd1 src/stm32f4xx_it.o
 .debug_abbrev  0x0000000000000988      0x1b0 src/radar.o
 .debug_abbrev  0x0000000000000b38      0x197 src/main.o
 .debug_abbrev  0x0000000000000ccf      0x122 libraries/STM32F4xx_StdPeriph_Driver/src/stm32f4xx_wwdg.o
 .debug_abbrev  0x0000000000000df1      0x152 libraries/STM32F4xx_StdPeriph_Driver/src/stm32f4xx_usart.o
 .debug_abbrev  0x0000000000000f43      0x167 libraries/STM32F4xx_StdPeriph_Driver/src/stm32f4xx_tim.o
 .debug_abbrev  0x00000000000010aa      0x12e libraries/STM32F4xx_StdPeriph_Driver/src/stm32f4xx_syscfg.o
 .debug_abbrev  0x00000000000011d8      0x164 libraries/STM32F4xx_StdPeriph_Driver/src/stm32f4xx_spi.o
 .debug_abbrev  0x000000000000133c      0x171 libraries/STM32F4xx_StdPeriph_Driver/src/stm32f4xx_sdio.o
 .debug_abbrev  0x00000000000014ad      0x16f libraries/STM32F4xx_StdPeriph_Driver/src/stm32f4xx_rtc.o
 .debug_abbrev  0x000000000000161c      0x13b libraries/STM32F4xx_StdPeriph_Driver/src/stm32f4xx_rng.o
 .debug_abbrev  0x0000000000001757      0x1bb libraries/STM32F4xx_StdPeriph_Driver/src/stm32f4xx_rcc.o
 .debug_abbrev  0x0000000000001912      0x179 libraries/STM32F4xx_StdPeriph_Driver/src/stm32f4xx_pwr.o
 .debug_abbrev  0x0000000000001a8b       0xfe libraries/STM32F4xx_StdPeriph_Driver/src/stm32f4xx_iwdg.o
 .debug_abbrev  0x0000000000001b89      0x161 libraries/STM32F4xx_StdPeriph_Driver/src/stm32f4xx_i2c.o
 .debug_abbrev  0x0000000000001cea      0x193 libraries/STM32F4xx_StdPeriph_Driver/src/stm32f4xx_hash_sha1.o
 .debug_abbrev  0x0000000000001e7d      0x193 libraries/STM32F4xx_StdPeriph_Driver/src/stm32f4xx_hash_md5.o
 .debug_abbrev  0x0000000000002010      0x1a5 libraries/STM32F4xx_StdPeriph_Driver/src/stm32f4xx_hash.o
 .debug_abbrev  0x00000000000021b5      0x186 libraries/STM32F4xx_StdPeriph_Driver/src/stm32f4xx_gpio.o
 .debug_abbrev  0x000000000000233b      0x16a libraries/STM32F4xx_StdPeriph_Driver/src/stm32f4xx_fsmc.o
 .debug_abbrev  0x00000000000024a5      0x16c libraries/STM32F4xx_StdPeriph_Driver/src/stm32f4xx_flash.o
 .debug_abbrev  0x0000000000002611      0x19c libraries/STM32F4xx_StdPeriph_Driver/src/stm32f4xx_exti.o
 .debug_abbrev  0x00000000000027ad      0x152 libraries/STM32F4xx_StdPeriph_Driver/src/stm32f4xx_dma.o
 .debug_abbrev  0x00000000000028ff      0x17e libraries/STM32F4xx_StdPeriph_Driver/src/stm32f4xx_dcmi.o
 .debug_abbrev  0x0000000000002a7d       0xde libraries/STM32F4xx_StdPeriph_Driver/src/stm32f4xx_dbgmcu.o
 .debug_abbrev  0x0000000000002b5b      0x176 libraries/STM32F4xx_StdPeriph_Driver/src/stm32f4xx_dac.o
 .debug_abbrev  0x0000000000002cd1      0x161 libraries/STM32F4xx_StdPeriph_Driver/src/stm32f4xx_cryp_tdes.o
 .debug_abbrev  0x0000000000002e32      0x161 libraries/STM32F4xx_StdPeriph_Driver/src/stm32f4xx_cryp_des.o
 .debug_abbrev  0x0000000000002f93      0x1d6 libraries/STM32F4xx_StdPeriph_Driver/src/stm32f4xx_cryp_aes.o
 .debug_abbrev  0x0000000000003169      0x184 libraries/STM32F4xx_StdPeriph_Driver/src/stm32f4xx_cryp.o
 .debug_abbrev  0x00000000000032ed      0x10e libraries/STM32F4xx_StdPeriph_Driver/src/stm32f4xx_crc.o
 .debug_abbrev  0x00000000000033fb      0x1b0 libraries/STM32F4xx_StdPeriph_Driver/src/stm32f4xx_can.o
 .debug_abbrev  0x00000000000035ab      0x12a libraries/STM32F4xx_StdPeriph_Driver/src/misc.o
 .debug_abbrev  0x00000000000036d5      0x161 libraries/STM32F4-Discovery/stm32f4_discovery.o
 .debug_abbrev  0x0000000000003836       0x51 FreeRTOS/Source/timers.o
 .debug_abbrev  0x0000000000003887      0x1d8 FreeRTOS/Source/tasks.o
 .debug_abbrev  0x0000000000003a5f      0x13e FreeRTOS/Source/queue.o
 .debug_abbrev  0x0000000000003b9d      0x14d FreeRTOS/Source/portable/GCC/ARM_CM4F/port.o
 .debug_abbrev  0x0000000000003cea       0xb6 FreeRTOS/Source/list.o
 .debug_abbrev  0x0000000000003da0      0x19b FreeRTOS/Source/croutine.o
 .debug_abbrev  0x0000000000003f3b       0x14 /opt/ARM/arm-linaro-eabi/lib/gcc/arm-none-eabi/4.6.2/thumb/cortex-m4/float-abi-hard/fpuv4-sp-d16/libgcc.a(_aeabi_uldivmod.o)
 .debug_abbrev  0x0000000000003f4f       0x6e /opt/ARM/arm-linaro-eabi/lib/gcc/arm-none-eabi/4.6.2/thumb/cortex-m4/float-abi-hard/fpuv4-sp-d16/libgcc.a(bpabi.o)
 .debug_abbrev  0x0000000000003fbd       0x14 /opt/ARM/arm-linaro-eabi/lib/gcc/arm-none-eabi/4.6.2/thumb/cortex-m4/float-abi-hard/fpuv4-sp-d16/libgcc.a(_dvmd_tls.o)
 .debug_abbrev  0x0000000000003fd1      0x157 /opt/ARM/arm-linaro-eabi/lib/gcc/arm-none-eabi/4.6.2/thumb/cortex-m4/float-abi-hard/fpuv4-sp-d16/libgcc.a(_divdi3.o)
 .debug_abbrev  0x0000000000004128      0x151 /opt/ARM/arm-linaro-eabi/lib/gcc/arm-none-eabi/4.6.2/thumb/cortex-m4/float-abi-hard/fpuv4-sp-d16/libgcc.a(_udivdi3.o)
 .debug_abbrev  0x0000000000004279      0x196 /opt/ARM/arm-linaro-eabi/arm-none-eabi/lib/thumb/cortex-m4/float-abi-hard/fpuv4-sp-d16/libg.a(lib_a-malloc.o)
 .debug_abbrev  0x000000000000440f      0x233 /opt/ARM/arm-linaro-eabi/arm-none-eabi/lib/thumb/cortex-m4/float-abi-hard/fpuv4-sp-d16/libg.a(lib_a-mallocr.o)
 .debug_abbrev  0x0000000000004642       0x99 /opt/ARM/arm-linaro-eabi/arm-none-eabi/lib/thumb/cortex-m4/float-abi-hard/fpuv4-sp-d16/libg.a(lib_a-memcpy.o)
 .debug_abbrev  0x00000000000046db       0x8d /opt/ARM/arm-linaro-eabi/arm-none-eabi/lib/thumb/cortex-m4/float-abi-hard/fpuv4-sp-d16/libg.a(lib_a-memset.o)
 .debug_abbrev  0x0000000000004768      0x1c8 /opt/ARM/arm-linaro-eabi/arm-none-eabi/lib/thumb/cortex-m4/float-abi-hard/fpuv4-sp-d16/libg.a(lib_a-sprintf.o)
 .debug_abbrev  0x0000000000004930       0x89 /opt/ARM/arm-linaro-eabi/arm-none-eabi/lib/thumb/cortex-m4/float-abi-hard/fpuv4-sp-d16/libg.a(lib_a-strcat.o)
 .debug_abbrev  0x00000000000049b9       0x6f /opt/ARM/arm-linaro-eabi/arm-none-eabi/lib/thumb/cortex-m4/float-abi-hard/fpuv4-sp-d16/libg.a(lib_a-strcpy.o)
 .debug_abbrev  0x0000000000004a28       0x6d /opt/ARM/arm-linaro-eabi/arm-none-eabi/lib/thumb/cortex-m4/float-abi-hard/fpuv4-sp-d16/libg.a(lib_a-strlen.o)
 .debug_abbrev  0x0000000000004a95       0x9c /opt/ARM/arm-linaro-eabi/arm-none-eabi/lib/thumb/cortex-m4/float-abi-hard/fpuv4-sp-d16/libg.a(lib_a-strncpy.o)
 .debug_abbrev  0x0000000000004b31      0x2f1 /opt/ARM/arm-linaro-eabi/arm-none-eabi/lib/thumb/cortex-m4/float-abi-hard/fpuv4-sp-d16/libg.a(lib_a-svfprintf.o)
 .debug_abbrev  0x0000000000004e22      0x22b /opt/ARM/arm-linaro-eabi/arm-none-eabi/lib/thumb/cortex-m4/float-abi-hard/fpuv4-sp-d16/libg.a(lib_a-dtoa.o)
 .debug_abbrev  0x000000000000504d      0x1ea /opt/ARM/arm-linaro-eabi/arm-none-eabi/lib/thumb/cortex-m4/float-abi-hard/fpuv4-sp-d16/libg.a(lib_a-freer.o)
 .debug_abbrev  0x0000000000005237      0x166 /opt/ARM/arm-linaro-eabi/arm-none-eabi/lib/thumb/cortex-m4/float-abi-hard/fpuv4-sp-d16/libg.a(lib_a-impure.o)
 .debug_abbrev  0x000000000000539d      0x245 /opt/ARM/arm-linaro-eabi/arm-none-eabi/lib/thumb/cortex-m4/float-abi-hard/fpuv4-sp-d16/libg.a(lib_a-locale.o)
 .debug_abbrev  0x00000000000055e2       0xc4 /opt/ARM/arm-linaro-eabi/arm-none-eabi/lib/thumb/cortex-m4/float-abi-hard/fpuv4-sp-d16/libg.a(lib_a-memchr.o)
 .debug_abbrev  0x00000000000056a6      0x30e /opt/ARM/arm-linaro-eabi/arm-none-eabi/lib/thumb/cortex-m4/float-abi-hard/fpuv4-sp-d16/libg.a(lib_a-mprec.o)
 .debug_abbrev  0x00000000000059b4       0xc5 /opt/ARM/arm-linaro-eabi/arm-none-eabi/lib/thumb/cortex-m4/float-abi-hard/fpuv4-sp-d16/libg.a(lib_a-s_fpclassify.o)
 .debug_abbrev  0x0000000000005a79       0x86 /opt/ARM/arm-linaro-eabi/arm-none-eabi/lib/thumb/cortex-m4/float-abi-hard/fpuv4-sp-d16/libg.a(lib_a-strcmp.o)
 .debug_abbrev  0x0000000000005aff      0x262 /opt/ARM/arm-linaro-eabi/arm-none-eabi/lib/thumb/cortex-m4/float-abi-hard/fpuv4-sp-d16/libg.a(lib_a-svfiprintf.o)
 .debug_abbrev  0x0000000000005d61      0x1ba /opt/ARM/arm-linaro-eabi/arm-none-eabi/lib/thumb/cortex-m4/float-abi-hard/fpuv4-sp-d16/libg.a(lib_a-callocr.o)
 .debug_abbrev  0x0000000000005f1b       0xa8 /opt/ARM/arm-linaro-eabi/arm-none-eabi/lib/thumb/cortex-m4/float-abi-hard/fpuv4-sp-d16/libg.a(lib_a-memmove.o)
 .debug_abbrev  0x0000000000005fc3      0x1d2 /opt/ARM/arm-linaro-eabi/arm-none-eabi/lib/thumb/cortex-m4/float-abi-hard/fpuv4-sp-d16/libg.a(lib_a-reallocr.o)
 .debug_abbrev  0x0000000000006195       0x14 /opt/ARM/arm-linaro-eabi/lib/gcc/arm-none-eabi/4.6.2/thumb/cortex-m4/float-abi-hard/fpuv4-sp-d16/libgcc.a(_arm_addsubdf3.o)
 .debug_abbrev  0x00000000000061a9       0x14 /opt/ARM/arm-linaro-eabi/lib/gcc/arm-none-eabi/4.6.2/thumb/cortex-m4/float-abi-hard/fpuv4-sp-d16/libgcc.a(_arm_muldivdf3.o)
 .debug_abbrev  0x00000000000061bd       0x14 /opt/ARM/arm-linaro-eabi/lib/gcc/arm-none-eabi/4.6.2/thumb/cortex-m4/float-abi-hard/fpuv4-sp-d16/libgcc.a(_arm_cmpdf2.o)
 .debug_abbrev  0x00000000000061d1       0x14 /opt/ARM/arm-linaro-eabi/lib/gcc/arm-none-eabi/4.6.2/thumb/cortex-m4/float-abi-hard/fpuv4-sp-d16/libgcc.a(_arm_fixdfsi.o)

.debug_loc      0x0000000000000000    0x140aa
 .debug_loc     0x0000000000000000      0x1d4 src/ustime.o
 .debug_loc     0x00000000000001d4      0x1b4 src/uart.o
 .debug_loc     0x0000000000000388       0xc8 src/temperatureAndRH.o
 .debug_loc     0x0000000000000450       0x9c src/system_stm32f4xx.o
 .debug_loc     0x00000000000004ec      0x2a0 src/syscalls.o
 .debug_loc     0x000000000000078c      0x160 src/stm32f4xx_it.o
 .debug_loc     0x00000000000008ec      0x10c src/radar.o
 .debug_loc     0x00000000000009f8       0xe0 src/main.o
 .debug_loc     0x0000000000000ad8      0x19c libraries/STM32F4xx_StdPeriph_Driver/src/stm32f4xx_wwdg.o
 .debug_loc     0x0000000000000c74      0x658 libraries/STM32F4xx_StdPeriph_Driver/src/stm32f4xx_usart.o
 .debug_loc     0x00000000000012cc     0x1420 libraries/STM32F4xx_StdPeriph_Driver/src/stm32f4xx_tim.o
 .debug_loc     0x00000000000026ec      0x144 libraries/STM32F4xx_StdPeriph_Driver/src/stm32f4xx_syscfg.o
 .debug_loc     0x0000000000002830      0x578 libraries/STM32F4xx_StdPeriph_Driver/src/stm32f4xx_spi.o
 .debug_loc     0x0000000000002da8      0x648 libraries/STM32F4xx_StdPeriph_Driver/src/stm32f4xx_sdio.o
 .debug_loc     0x00000000000033f0      0xc48 libraries/STM32F4xx_StdPeriph_Driver/src/stm32f4xx_rtc.o
 .debug_loc     0x0000000000004038      0x1a8 libraries/STM32F4xx_StdPeriph_Driver/src/stm32f4xx_rng.o
 .debug_loc     0x00000000000041e0      0x97c libraries/STM32F4xx_StdPeriph_Driver/src/stm32f4xx_rcc.o
 .debug_loc     0x0000000000004b5c      0x288 libraries/STM32F4xx_StdPeriph_Driver/src/stm32f4xx_pwr.o
 .debug_loc     0x0000000000004de4      0x138 libraries/STM32F4xx_StdPeriph_Driver/src/stm32f4xx_iwdg.o
 .debug_loc     0x0000000000004f1c      0x738 libraries/STM32F4xx_StdPeriph_Driver/src/stm32f4xx_i2c.o
 .debug_loc     0x0000000000005654       0x74 libraries/STM32F4xx_StdPeriph_Driver/src/stm32f4xx_hash_sha1.o
 .debug_loc     0x00000000000056c8       0x74 libraries/STM32F4xx_StdPeriph_Driver/src/stm32f4xx_hash_md5.o
 .debug_loc     0x000000000000573c      0x388 libraries/STM32F4xx_StdPeriph_Driver/src/stm32f4xx_hash.o
 .debug_loc     0x0000000000005ac4      0x310 libraries/STM32F4xx_StdPeriph_Driver/src/stm32f4xx_gpio.o
 .debug_loc     0x0000000000005dd4      0x41c libraries/STM32F4xx_StdPeriph_Driver/src/stm32f4xx_fsmc.o
 .debug_loc     0x00000000000061f0      0x624 libraries/STM32F4xx_StdPeriph_Driver/src/stm32f4xx_flash.o
 .debug_loc     0x0000000000006814      0x1b4 libraries/STM32F4xx_StdPeriph_Driver/src/stm32f4xx_exti.o
 .debug_loc     0x00000000000069c8      0x428 libraries/STM32F4xx_StdPeriph_Driver/src/stm32f4xx_dma.o
 .debug_loc     0x0000000000006df0      0x330 libraries/STM32F4xx_StdPeriph_Driver/src/stm32f4xx_dcmi.o
 .debug_loc     0x0000000000007120      0x100 libraries/STM32F4xx_StdPeriph_Driver/src/stm32f4xx_dbgmcu.o
 .debug_loc     0x0000000000007220      0x3ac libraries/STM32F4xx_StdPeriph_Driver/src/stm32f4xx_dac.o
 .debug_loc     0x00000000000075cc       0x74 libraries/STM32F4xx_StdPeriph_Driver/src/stm32f4xx_cryp_tdes.o
 .debug_loc     0x0000000000007640       0x74 libraries/STM32F4xx_StdPeriph_Driver/src/stm32f4xx_cryp_des.o
 .debug_loc     0x00000000000076b4       0xae libraries/STM32F4xx_StdPeriph_Driver/src/stm32f4xx_cryp_aes.o
 .debug_loc     0x0000000000007762      0x394 libraries/STM32F4xx_StdPeriph_Driver/src/stm32f4xx_cryp.o
 .debug_loc     0x0000000000007af6      0x12c libraries/STM32F4xx_StdPeriph_Driver/src/stm32f4xx_crc.o
 .debug_loc     0x0000000000007c22      0x578 libraries/STM32F4xx_StdPeriph_Driver/src/stm32f4xx_can.o
 .debug_loc     0x000000000000819a      0x118 libraries/STM32F4xx_StdPeriph_Driver/src/misc.o
 .debug_loc     0x00000000000082b2      0x118 libraries/STM32F4-Discovery/stm32f4_discovery.o
 .debug_loc     0x00000000000083ca      0x8f6 FreeRTOS/Source/tasks.o
 .debug_loc     0x0000000000008cc0      0x380 FreeRTOS/Source/queue.o
 .debug_loc     0x0000000000009040      0x178 FreeRTOS/Source/portable/GCC/ARM_CM4F/port.o
 .debug_loc     0x00000000000091b8      0x118 FreeRTOS/Source/list.o
 .debug_loc     0x00000000000092d0      0x188 FreeRTOS/Source/croutine.o
 .debug_loc     0x0000000000009458       0xa0 /opt/ARM/arm-linaro-eabi/lib/gcc/arm-none-eabi/4.6.2/thumb/cortex-m4/float-abi-hard/fpuv4-sp-d16/libgcc.a(bpabi.o)
 .debug_loc     0x00000000000094f8      0xb2e /opt/ARM/arm-linaro-eabi/lib/gcc/arm-none-eabi/4.6.2/thumb/cortex-m4/float-abi-hard/fpuv4-sp-d16/libgcc.a(_divdi3.o)
 .debug_loc     0x000000000000a026      0xafb /opt/ARM/arm-linaro-eabi/lib/gcc/arm-none-eabi/4.6.2/thumb/cortex-m4/float-abi-hard/fpuv4-sp-d16/libgcc.a(_udivdi3.o)
 .debug_loc     0x000000000000ab21       0x3c /opt/ARM/arm-linaro-eabi/arm-none-eabi/lib/thumb/cortex-m4/float-abi-hard/fpuv4-sp-d16/libg.a(lib_a-malloc.o)
 .debug_loc     0x000000000000ab5d      0x909 /opt/ARM/arm-linaro-eabi/arm-none-eabi/lib/thumb/cortex-m4/float-abi-hard/fpuv4-sp-d16/libg.a(lib_a-mallocr.o)
 .debug_loc     0x000000000000b466      0x1cc /opt/ARM/arm-linaro-eabi/arm-none-eabi/lib/thumb/cortex-m4/float-abi-hard/fpuv4-sp-d16/libg.a(lib_a-memcpy.o)
 .debug_loc     0x000000000000b632      0x1fb /opt/ARM/arm-linaro-eabi/arm-none-eabi/lib/thumb/cortex-m4/float-abi-hard/fpuv4-sp-d16/libg.a(lib_a-memset.o)
 .debug_loc     0x000000000000b82d       0xc1 /opt/ARM/arm-linaro-eabi/arm-none-eabi/lib/thumb/cortex-m4/float-abi-hard/fpuv4-sp-d16/libg.a(lib_a-sprintf.o)
 .debug_loc     0x000000000000b8ee       0xb2 /opt/ARM/arm-linaro-eabi/arm-none-eabi/lib/thumb/cortex-m4/float-abi-hard/fpuv4-sp-d16/libg.a(lib_a-strcat.o)
 .debug_loc     0x000000000000b9a0       0x13 /opt/ARM/arm-linaro-eabi/arm-none-eabi/lib/thumb/cortex-m4/float-abi-hard/fpuv4-sp-d16/libg.a(lib_a-strcpy.o)
 .debug_loc     0x000000000000b9b3       0x13 /opt/ARM/arm-linaro-eabi/arm-none-eabi/lib/thumb/cortex-m4/float-abi-hard/fpuv4-sp-d16/libg.a(lib_a-strlen.o)
 .debug_loc     0x000000000000b9c6       0xfb /opt/ARM/arm-linaro-eabi/arm-none-eabi/lib/thumb/cortex-m4/float-abi-hard/fpuv4-sp-d16/libg.a(lib_a-strncpy.o)
 .debug_loc     0x000000000000bac1     0x221f /opt/ARM/arm-linaro-eabi/arm-none-eabi/lib/thumb/cortex-m4/float-abi-hard/fpuv4-sp-d16/libg.a(lib_a-svfprintf.o)
 .debug_loc     0x000000000000dce0     0x216a /opt/ARM/arm-linaro-eabi/arm-none-eabi/lib/thumb/cortex-m4/float-abi-hard/fpuv4-sp-d16/libg.a(lib_a-dtoa.o)
 .debug_loc     0x000000000000fe4a      0x42a /opt/ARM/arm-linaro-eabi/arm-none-eabi/lib/thumb/cortex-m4/float-abi-hard/fpuv4-sp-d16/libg.a(lib_a-freer.o)
 .debug_loc     0x0000000000010274       0xd3 /opt/ARM/arm-linaro-eabi/arm-none-eabi/lib/thumb/cortex-m4/float-abi-hard/fpuv4-sp-d16/libg.a(lib_a-locale.o)
 .debug_loc     0x0000000000010347      0x14c /opt/ARM/arm-linaro-eabi/arm-none-eabi/lib/thumb/cortex-m4/float-abi-hard/fpuv4-sp-d16/libg.a(lib_a-memchr.o)
 .debug_loc     0x0000000000010493     0x1858 /opt/ARM/arm-linaro-eabi/arm-none-eabi/lib/thumb/cortex-m4/float-abi-hard/fpuv4-sp-d16/libg.a(lib_a-mprec.o)
 .debug_loc     0x0000000000011ceb       0xa9 /opt/ARM/arm-linaro-eabi/arm-none-eabi/lib/thumb/cortex-m4/float-abi-hard/fpuv4-sp-d16/libg.a(lib_a-s_fpclassify.o)
 .debug_loc     0x0000000000011d94       0x26 /opt/ARM/arm-linaro-eabi/arm-none-eabi/lib/thumb/cortex-m4/float-abi-hard/fpuv4-sp-d16/libg.a(lib_a-strcmp.o)
 .debug_loc     0x0000000000011dba     0x1160 /opt/ARM/arm-linaro-eabi/arm-none-eabi/lib/thumb/cortex-m4/float-abi-hard/fpuv4-sp-d16/libg.a(lib_a-svfiprintf.o)
 .debug_loc     0x0000000000012f1a      0x179 /opt/ARM/arm-linaro-eabi/arm-none-eabi/lib/thumb/cortex-m4/float-abi-hard/fpuv4-sp-d16/libg.a(lib_a-callocr.o)
 .debug_loc     0x0000000000013093      0x21f /opt/ARM/arm-linaro-eabi/arm-none-eabi/lib/thumb/cortex-m4/float-abi-hard/fpuv4-sp-d16/libg.a(lib_a-memmove.o)
 .debug_loc     0x00000000000132b2      0xdf8 /opt/ARM/arm-linaro-eabi/arm-none-eabi/lib/thumb/cortex-m4/float-abi-hard/fpuv4-sp-d16/libg.a(lib_a-reallocr.o)

.debug_aranges  0x0000000000000000     0x1da8
 .debug_aranges
                0x0000000000000000       0x60 src/ustime.o
 .debug_aranges
                0x0000000000000060       0x58 src/uart.o
 .debug_aranges
                0x00000000000000b8       0x38 src/temperatureAndRH.o
 .debug_aranges
                0x00000000000000f0       0x30 src/system_stm32f4xx.o
 .debug_aranges
                0x0000000000000120       0x78 src/syscalls.o
 .debug_aranges
                0x0000000000000198       0x58 src/stm32f4xx_it.o
 .debug_aranges
                0x00000000000001f0       0x40 src/radar.o
 .debug_aranges
                0x0000000000000230       0x38 src/main.o
 .debug_aranges
                0x0000000000000268       0x58 libraries/STM32F4xx_StdPeriph_Driver/src/stm32f4xx_wwdg.o
 .debug_aranges
                0x00000000000002c0      0x100 libraries/STM32F4xx_StdPeriph_Driver/src/stm32f4xx_usart.o
 .debug_aranges
                0x00000000000003c0      0x2f8 libraries/STM32F4xx_StdPeriph_Driver/src/stm32f4xx_tim.o
 .debug_aranges
                0x00000000000006b8       0x48 libraries/STM32F4xx_StdPeriph_Driver/src/stm32f4xx_syscfg.o
 .debug_aranges
                0x0000000000000700       0xe0 libraries/STM32F4xx_StdPeriph_Driver/src/stm32f4xx_spi.o
 .debug_aranges
                0x00000000000007e0      0x108 libraries/STM32F4xx_StdPeriph_Driver/src/stm32f4xx_sdio.o
 .debug_aranges
                0x00000000000008e8      0x1e0 libraries/STM32F4xx_StdPeriph_Driver/src/stm32f4xx_rtc.o
 .debug_aranges
                0x0000000000000ac8       0x58 libraries/STM32F4xx_StdPeriph_Driver/src/stm32f4xx_rng.o
 .debug_aranges
                0x0000000000000b20      0x178 libraries/STM32F4xx_StdPeriph_Driver/src/stm32f4xx_rcc.o
 .debug_aranges
                0x0000000000000c98       0x78 libraries/STM32F4xx_StdPeriph_Driver/src/stm32f4xx_pwr.o
 .debug_aranges
                0x0000000000000d10       0x48 libraries/STM32F4xx_StdPeriph_Driver/src/stm32f4xx_iwdg.o
 .debug_aranges
                0x0000000000000d58      0x120 libraries/STM32F4xx_StdPeriph_Driver/src/stm32f4xx_i2c.o
 .debug_aranges
                0x0000000000000e78       0x28 libraries/STM32F4xx_StdPeriph_Driver/src/stm32f4xx_hash_sha1.o
 .debug_aranges
                0x0000000000000ea0       0x28 libraries/STM32F4xx_StdPeriph_Driver/src/stm32f4xx_hash_md5.o
 .debug_aranges
                0x0000000000000ec8       0xa0 libraries/STM32F4xx_StdPeriph_Driver/src/stm32f4xx_hash.o
 .debug_aranges
                0x0000000000000f68       0x88 libraries/STM32F4xx_StdPeriph_Driver/src/stm32f4xx_gpio.o
 .debug_aranges
                0x0000000000000ff0       0xb0 libraries/STM32F4xx_StdPeriph_Driver/src/stm32f4xx_fsmc.o
 .debug_aranges
                0x00000000000010a0      0x108 libraries/STM32F4xx_StdPeriph_Driver/src/stm32f4xx_flash.o
 .debug_aranges
                0x00000000000011a8       0x58 libraries/STM32F4xx_StdPeriph_Driver/src/stm32f4xx_exti.o
 .debug_aranges
                0x0000000000001200       0xb0 libraries/STM32F4xx_StdPeriph_Driver/src/stm32f4xx_dma.o
 .debug_aranges
                0x00000000000012b0       0x90 libraries/STM32F4xx_StdPeriph_Driver/src/stm32f4xx_dcmi.o
 .debug_aranges
                0x0000000000001340       0x40 libraries/STM32F4xx_StdPeriph_Driver/src/stm32f4xx_dbgmcu.o
 .debug_aranges
                0x0000000000001380       0xa0 libraries/STM32F4xx_StdPeriph_Driver/src/stm32f4xx_dac.o
 .debug_aranges
                0x0000000000001420       0x28 libraries/STM32F4xx_StdPeriph_Driver/src/stm32f4xx_cryp_tdes.o
 .debug_aranges
                0x0000000000001448       0x28 libraries/STM32F4xx_StdPeriph_Driver/src/stm32f4xx_cryp_des.o
 .debug_aranges
                0x0000000000001470       0x30 libraries/STM32F4xx_StdPeriph_Driver/src/stm32f4xx_cryp_aes.o
 .debug_aranges
                0x00000000000014a0       0xa0 libraries/STM32F4xx_StdPeriph_Driver/src/stm32f4xx_cryp.o
 .debug_aranges
                0x0000000000001540       0x48 libraries/STM32F4xx_StdPeriph_Driver/src/stm32f4xx_crc.o
 .debug_aranges
                0x0000000000001588       0xe0 libraries/STM32F4xx_StdPeriph_Driver/src/stm32f4xx_can.o
 .debug_aranges
                0x0000000000001668       0x40 libraries/STM32F4xx_StdPeriph_Driver/src/misc.o
 .debug_aranges
                0x00000000000016a8       0x40 libraries/STM32F4-Discovery/stm32f4_discovery.o
 .debug_aranges
                0x00000000000016e8      0x168 FreeRTOS/Source/tasks.o
 .debug_aranges
                0x0000000000001850       0x98 FreeRTOS/Source/queue.o
 .debug_aranges
                0x00000000000018e8       0x70 FreeRTOS/Source/portable/GCC/ARM_CM4F/port.o
 .debug_aranges
                0x0000000000001958       0x40 FreeRTOS/Source/list.o
 .debug_aranges
                0x0000000000001998       0x50 FreeRTOS/Source/croutine.o
 .debug_aranges
                0x00000000000019e8       0x20 /opt/ARM/arm-linaro-eabi/lib/gcc/arm-none-eabi/4.6.2/thumb/cortex-m4/float-abi-hard/fpuv4-sp-d16/libgcc.a(_aeabi_uldivmod.o)
 .debug_aranges
                0x0000000000001a08       0x20 /opt/ARM/arm-linaro-eabi/lib/gcc/arm-none-eabi/4.6.2/thumb/cortex-m4/float-abi-hard/fpuv4-sp-d16/libgcc.a(bpabi.o)
 .debug_aranges
                0x0000000000001a28       0x20 /opt/ARM/arm-linaro-eabi/lib/gcc/arm-none-eabi/4.6.2/thumb/cortex-m4/float-abi-hard/fpuv4-sp-d16/libgcc.a(_dvmd_tls.o)
 .debug_aranges
                0x0000000000001a48       0x20 /opt/ARM/arm-linaro-eabi/lib/gcc/arm-none-eabi/4.6.2/thumb/cortex-m4/float-abi-hard/fpuv4-sp-d16/libgcc.a(_divdi3.o)
 .debug_aranges
                0x0000000000001a68       0x20 /opt/ARM/arm-linaro-eabi/lib/gcc/arm-none-eabi/4.6.2/thumb/cortex-m4/float-abi-hard/fpuv4-sp-d16/libgcc.a(_udivdi3.o)
 .debug_aranges
                0x0000000000001a88       0x20 /opt/ARM/arm-linaro-eabi/arm-none-eabi/lib/thumb/cortex-m4/float-abi-hard/fpuv4-sp-d16/libg.a(lib_a-malloc.o)
 .debug_aranges
                0x0000000000001aa8       0x20 /opt/ARM/arm-linaro-eabi/arm-none-eabi/lib/thumb/cortex-m4/float-abi-hard/fpuv4-sp-d16/libg.a(lib_a-mallocr.o)
 .debug_aranges
                0x0000000000001ac8       0x20 /opt/ARM/arm-linaro-eabi/arm-none-eabi/lib/thumb/cortex-m4/float-abi-hard/fpuv4-sp-d16/libg.a(lib_a-memcpy.o)
 .debug_aranges
                0x0000000000001ae8       0x20 /opt/ARM/arm-linaro-eabi/arm-none-eabi/lib/thumb/cortex-m4/float-abi-hard/fpuv4-sp-d16/libg.a(lib_a-memset.o)
 .debug_aranges
                0x0000000000001b08       0x20 /opt/ARM/arm-linaro-eabi/arm-none-eabi/lib/thumb/cortex-m4/float-abi-hard/fpuv4-sp-d16/libg.a(lib_a-sprintf.o)
 .debug_aranges
                0x0000000000001b28       0x20 /opt/ARM/arm-linaro-eabi/arm-none-eabi/lib/thumb/cortex-m4/float-abi-hard/fpuv4-sp-d16/libg.a(lib_a-strcat.o)
 .debug_aranges
                0x0000000000001b48       0x20 /opt/ARM/arm-linaro-eabi/arm-none-eabi/lib/thumb/cortex-m4/float-abi-hard/fpuv4-sp-d16/libg.a(lib_a-strcpy.o)
 .debug_aranges
                0x0000000000001b68       0x20 /opt/ARM/arm-linaro-eabi/arm-none-eabi/lib/thumb/cortex-m4/float-abi-hard/fpuv4-sp-d16/libg.a(lib_a-strlen.o)
 .debug_aranges
                0x0000000000001b88       0x20 /opt/ARM/arm-linaro-eabi/arm-none-eabi/lib/thumb/cortex-m4/float-abi-hard/fpuv4-sp-d16/libg.a(lib_a-strncpy.o)
 .debug_aranges
                0x0000000000001ba8       0x20 /opt/ARM/arm-linaro-eabi/arm-none-eabi/lib/thumb/cortex-m4/float-abi-hard/fpuv4-sp-d16/libg.a(lib_a-svfprintf.o)
 .debug_aranges
                0x0000000000001bc8       0x20 /opt/ARM/arm-linaro-eabi/arm-none-eabi/lib/thumb/cortex-m4/float-abi-hard/fpuv4-sp-d16/libg.a(lib_a-dtoa.o)
 .debug_aranges
                0x0000000000001be8       0x20 /opt/ARM/arm-linaro-eabi/arm-none-eabi/lib/thumb/cortex-m4/float-abi-hard/fpuv4-sp-d16/libg.a(lib_a-freer.o)
 .debug_aranges
                0x0000000000001c08       0x20 /opt/ARM/arm-linaro-eabi/arm-none-eabi/lib/thumb/cortex-m4/float-abi-hard/fpuv4-sp-d16/libg.a(lib_a-locale.o)
 .debug_aranges
                0x0000000000001c28       0x20 /opt/ARM/arm-linaro-eabi/arm-none-eabi/lib/thumb/cortex-m4/float-abi-hard/fpuv4-sp-d16/libg.a(lib_a-memchr.o)
 .debug_aranges
                0x0000000000001c48       0x20 /opt/ARM/arm-linaro-eabi/arm-none-eabi/lib/thumb/cortex-m4/float-abi-hard/fpuv4-sp-d16/libg.a(lib_a-mprec.o)
 .debug_aranges
                0x0000000000001c68       0x20 /opt/ARM/arm-linaro-eabi/arm-none-eabi/lib/thumb/cortex-m4/float-abi-hard/fpuv4-sp-d16/libg.a(lib_a-s_fpclassify.o)
 .debug_aranges
                0x0000000000001c88       0x20 /opt/ARM/arm-linaro-eabi/arm-none-eabi/lib/thumb/cortex-m4/float-abi-hard/fpuv4-sp-d16/libg.a(lib_a-strcmp.o)
 .debug_aranges
                0x0000000000001ca8       0x20 /opt/ARM/arm-linaro-eabi/arm-none-eabi/lib/thumb/cortex-m4/float-abi-hard/fpuv4-sp-d16/libg.a(lib_a-svfiprintf.o)
 .debug_aranges
                0x0000000000001cc8       0x20 /opt/ARM/arm-linaro-eabi/arm-none-eabi/lib/thumb/cortex-m4/float-abi-hard/fpuv4-sp-d16/libg.a(lib_a-callocr.o)
 .debug_aranges
                0x0000000000001ce8       0x20 /opt/ARM/arm-linaro-eabi/arm-none-eabi/lib/thumb/cortex-m4/float-abi-hard/fpuv4-sp-d16/libg.a(lib_a-memmove.o)
 .debug_aranges
                0x0000000000001d08       0x20 /opt/ARM/arm-linaro-eabi/arm-none-eabi/lib/thumb/cortex-m4/float-abi-hard/fpuv4-sp-d16/libg.a(lib_a-reallocr.o)
 .debug_aranges
                0x0000000000001d28       0x20 /opt/ARM/arm-linaro-eabi/lib/gcc/arm-none-eabi/4.6.2/thumb/cortex-m4/float-abi-hard/fpuv4-sp-d16/libgcc.a(_arm_addsubdf3.o)
 .debug_aranges
                0x0000000000001d48       0x20 /opt/ARM/arm-linaro-eabi/lib/gcc/arm-none-eabi/4.6.2/thumb/cortex-m4/float-abi-hard/fpuv4-sp-d16/libgcc.a(_arm_muldivdf3.o)
 .debug_aranges
                0x0000000000001d68       0x20 /opt/ARM/arm-linaro-eabi/lib/gcc/arm-none-eabi/4.6.2/thumb/cortex-m4/float-abi-hard/fpuv4-sp-d16/libgcc.a(_arm_cmpdf2.o)
 .debug_aranges
                0x0000000000001d88       0x20 /opt/ARM/arm-linaro-eabi/lib/gcc/arm-none-eabi/4.6.2/thumb/cortex-m4/float-abi-hard/fpuv4-sp-d16/libgcc.a(_arm_fixdfsi.o)

.debug_ranges   0x0000000000000000     0x1d20
 .debug_ranges  0x0000000000000000       0x68 src/ustime.o
 .debug_ranges  0x0000000000000068       0x48 src/uart.o
 .debug_ranges  0x00000000000000b0       0x28 src/temperatureAndRH.o
 .debug_ranges  0x00000000000000d8       0x20 src/system_stm32f4xx.o
 .debug_ranges  0x00000000000000f8       0x68 src/syscalls.o
 .debug_ranges  0x0000000000000160       0x48 src/stm32f4xx_it.o
 .debug_ranges  0x00000000000001a8       0x30 src/radar.o
 .debug_ranges  0x00000000000001d8       0x40 src/main.o
 .debug_ranges  0x0000000000000218       0x48 libraries/STM32F4xx_StdPeriph_Driver/src/stm32f4xx_wwdg.o
 .debug_ranges  0x0000000000000260       0xf0 libraries/STM32F4xx_StdPeriph_Driver/src/stm32f4xx_usart.o
 .debug_ranges  0x0000000000000350      0x2e8 libraries/STM32F4xx_StdPeriph_Driver/src/stm32f4xx_tim.o
 .debug_ranges  0x0000000000000638       0x38 libraries/STM32F4xx_StdPeriph_Driver/src/stm32f4xx_syscfg.o
 .debug_ranges  0x0000000000000670       0xd0 libraries/STM32F4xx_StdPeriph_Driver/src/stm32f4xx_spi.o
 .debug_ranges  0x0000000000000740       0xf8 libraries/STM32F4xx_StdPeriph_Driver/src/stm32f4xx_sdio.o
 .debug_ranges  0x0000000000000838      0x1d0 libraries/STM32F4xx_StdPeriph_Driver/src/stm32f4xx_rtc.o
 .debug_ranges  0x0000000000000a08       0x48 libraries/STM32F4xx_StdPeriph_Driver/src/stm32f4xx_rng.o
 .debug_ranges  0x0000000000000a50      0x168 libraries/STM32F4xx_StdPeriph_Driver/src/stm32f4xx_rcc.o
 .debug_ranges  0x0000000000000bb8       0x68 libraries/STM32F4xx_StdPeriph_Driver/src/stm32f4xx_pwr.o
 .debug_ranges  0x0000000000000c20       0x38 libraries/STM32F4xx_StdPeriph_Driver/src/stm32f4xx_iwdg.o